C51 COMPILER V9.52.0.0   LCD                                                               07/20/2019 16:29:08 PAGE 1   


C51 COMPILER V9.52.0.0, COMPILATION OF MODULE LCD
OBJECT MODULE PLACED IN LCD.OBJ
COMPILER INVOKED BY: d:\Keil1\C51\BIN\C51.EXE LCD.c BROWSE DEBUG OBJECTEXTEND

line level    source

   1          #include<reg51.h>
   2          #include<intrins.h>
   3          #define uint unsigned int
   4          #define uchar unsigned char
   5          void Initiallize_LCD();
   6          void ShowString(uchar x,uchar y,uchar *str);
   7          extern void Write_LCD_Conmmand(uchar cmd); 
   8          uchar num,TEMP;
   9          bit flag=1;
  10          uchar keynum;
  11          sbit K1=P3^0;
  12          sbit K2=P3^1;
  13          sbit K3=P3^2;
  14          void delay(uint x)
  15          {
  16   1               uchar i;
  17   1            while(x--) for(i=0;i<120;i++);
  18   1      }
  19          uchar keypress()
  20          {
  21   1       if(P3!=0XFF)    
  22   1        {
  23   2         delay(5);
  24   2         num=0;
  25   2         if(P3!=0XFF)
  26   2          {
  27   3             TEMP=P3;
  28   3             switch(TEMP)
  29   3              {
  30   4               case 0xfe:num=1;break;
  31   4               case 0xfd:num=2;break;
  32   4              }
  33   3             while(TEMP==0XFF);
  34   3            }
  35   2         return num;
  36   2        }
  37   1      }
  38          void main()
  39          {
  40   1          uchar i;
  41   1          P0=P3=0XFF;
  42   1            IT0=1;
  43   1            EX0=1;
  44   1                EA=1;
  45   1           Initiallize_LCD();
  46   1            ShowString(0,0,"   gaoqinag    ");
  47   1            ShowString(0,1,"201012301043      ");
  48   1            while(flag)                             
  49   1            {
  50   2             keypress();
  51   2             if(num==1)
  52   2              {
  53   3                 for(i=0;i<16;i++)
  54   3                  {
  55   4                    Write_LCD_Conmmand(0x1c);
C51 COMPILER V9.52.0.0   LCD                                                               07/20/2019 16:29:08 PAGE 2   

  56   4                     ShowString(16-i,0," gaoqiang");
  57   4                     ShowString(16-i,1,"201012301043");
  58   4                     ShowString(16+i,0,"  gaoqinag");
  59   4                     ShowString(16+i,1,"201012301043");
  60   4                     ShowString(0x0f,0,"  gaoqinag");
  61   4                     ShowString(0x0f,1,"201012301043");
  62   4                    delay(20);
  63   4                  }
  64   3                  ShowString(0x0f,0,"  gaoqinag");
  65   3                 ShowString(0x0f,1,"201012301043");
  66   3                 delay(20);
  67   3                 if(num==2)
  68   3                         {
  69   4                             Write_LCD_Conmmand(0x01);
  70   4                                 break;
  71   4                         }
  72   3              }
  73   2           if(num==2)
  74   2              {
  75   3                    ShowString(0,0,"gaoqinag");
  76   3                   delay(100);
  77   3                    ShowString(0,1,"201012301043");
  78   3                   delay(100);
  79   3                    ShowString(0,1,"gaoqinag");
  80   3                   delay(100);
  81   3                   ShowString(0,0,"201012301043");
  82   3                   delay(100);
  83   3                   if(num==1) {Write_LCD_Conmmand(0x01);
  84   4                               break;}
  85   3              }
  86   2            }
  87   1      }
  88          void exter0()interrupt 0
  89          {
  90   1       flag=~flag;
  91   1      }
*** WARNING C291 IN LINE 37 OF LCD.c: not every exit path returns a value


MODULE INFORMATION:   STATIC OVERLAYABLE
   CODE SIZE        =    375    ----
   CONSTANT SIZE    =     78    ----
   XDATA SIZE       =   ----    ----
   PDATA SIZE       =   ----    ----
   DATA SIZE        =      3       1
   IDATA SIZE       =   ----    ----
   BIT SIZE         =      1    ----
END OF MODULE INFORMATION.


C51 COMPILATION COMPLETE.  1 WARNING(S),  0 ERROR(S)
