ARM Linker, 4.1 [Build 791] [Professional]

==============================================================================

Section Cross References

    w90p710.o(STACK) refers (Special) to heapauxi.o(.text) for __use_two_region_memory
    w90p710.o(HEAP) refers (Special) to heapauxi.o(.text) for __use_two_region_memory
    w90p710.o(RESET) refers (Special) to heapauxi.o(.text) for __use_two_region_memory
    w90p710.o(RESET) refers to irq.o(.text) for IRQ_Handler
    w90p710.o(RESET) refers to w90p710.o(STACK) for Stack_Top
    w90p710.o(RESET) refers to __main.o(!!!main) for __main
    w90p710.o(.text) refers (Special) to heapauxi.o(.text) for __use_two_region_memory
    w90p710.o(.text) refers to w90p710.o(HEAP) for Heap_Mem
    w90p710.o(.text) refers to w90p710.o(STACK) for Stack_Mem
    glcd.o(.text) refers to h1_alloc.o(.text) for malloc
    glcd.o(.text) refers to aeabi_memset.o(.text) for __aeabi_memset
    glcd.o(.text) refers to glcd.o(.data) for fb_start
    lcd.o(.text) refers to glcd.o(.text) for GLCD_init
    lcd.o(.text) refers to pic1.o(.constdata) for gImage_pic1
    lcd.o(.text) refers to irq.o(.data) for Clock100ms
    lcd.o(.text) refers to pic2.o(.constdata) for gImage_pic2
    lcd.o(.text) refers to pic3.o(.constdata) for gImage_pic3
    lcd.o(.text) refers to pic4.o(.constdata) for gImage_pic4
    lcd.o(.text) refers to pic5.o(.constdata) for gImage_pic5
    lcd.o(.text) refers to pic6.o(.constdata) for gImage_pic6
    lcd.o(.text) refers to pic7.o(.constdata) for gImage_pic7
    lcd.o(.text) refers to lcd.o(.constdata) for led_mask
    irq.o(.text) refers to irq.o(.data) for ticks
    malloc.o(.text) refers (Special) to hguard.o(.text) for __heap$guard
    malloc.o(.text) refers (Special) to init_alloc.o(.text) for _init_alloc
    malloc.o(.text) refers to rt_heap_descriptor_intlibspace.o(.text) for __rt_heap_descriptor
    h1_alloc.o(.text) refers (Special) to h1_init.o(.text) for __Heap_Initialize
    h1_alloc.o(.text) refers to rt_heap_descriptor_intlibspace.o(.text) for __rt_heap_descriptor
    h1_alloc.o(.text) refers to init_alloc.o(.text) for __Heap_Full
    h1_alloc_mt.o(.text) refers (Special) to h1_init.o(.text) for __Heap_Initialize
    h1_alloc_mt.o(.text) refers to init_alloc.o(.text) for __Heap_Full
    h1_alloc_mt.o(.text) refers to rt_heap_descriptor_intlibspace.o(.text) for __rt_heap_descriptor
    heap2.o(i._FDIterate) refers to heap2.o(i.__ARM_common_call_via_r6) for __ARM_common_call_via_r6
    heap2.o(i._FDIterate) refers to heap2.o(.constdata) for .constdata
    heap2.o(i.___Heap_ProvideMemory$realtime) refers to fdtree.o(i._FDTree_Delete) for _FDTree_Delete
    heap2.o(i.___Heap_ProvideMemory$realtime) refers to fdtree.o(i._FDTree_Insert) for _FDTree_Insert
    heap2.o(i.___Heap_Stats$realtime) refers to heap2.o(i._Heap2_StatsIterate) for _Heap2_StatsIterate
    heap2.o(i.___Heap_Stats$realtime) refers to aeabi_sdiv.o(.text_udiv) for __aeabi_uidivmod
    heap2.o(i.___Heap_Stats$realtime) refers to heap2.o(i.__ARM_common_call_via_r5) for __ARM_common_call_via_r5
    heap2.o(i.___Heap_Valid$realtime) refers to heap2.o(i.__ARM_common_call_via_r5) for __ARM_common_call_via_r5
    heap2.o(i.___Heap_Valid$realtime) refers to heap2.o(i._FDIterate) for _FDIterate
    heap2.o(i.___Heap_Valid$realtime) refers to heap2.o(.constdata) for .constdata
    heap2.o(i._free$realtime) refers to rt_heap_descriptor_intlibspace.o(.text) for __rt_heap_descriptor
    heap2.o(i._free$realtime) refers to fdtree.o(i._FDTree_Delete) for _FDTree_Delete
    heap2.o(i._free$realtime) refers to fdtree.o(i._FDTree_Insert) for _FDTree_Insert
    heap2.o(i._malloc$realtime) refers to rt_heap_descriptor_intlibspace.o(.text) for __rt_heap_descriptor
    heap2.o(i._malloc$realtime) refers to fdtree.o(i._FDTree_FindFirst) for _FDTree_FindFirst
    heap2.o(i._malloc$realtime) refers to init_alloc.o(.text) for __Heap_Full
    heap2.o(i._malloc$realtime) refers to fdtree.o(i._FDTree_RemoveNode) for _FDTree_RemoveNode
    heap2.o(i._malloc$realtime) refers to fdtree.o(i._FDTree_Insert) for _FDTree_Insert
    heap2.o(i._posix_memalign$realtime) refers to rt_heap_descriptor_intlibspace.o(.text) for __rt_heap_descriptor
    heap2.o(i._posix_memalign$realtime) refers to fdtree.o(i._FDTree_FindFirst) for _FDTree_FindFirst
    heap2.o(i._posix_memalign$realtime) refers to init_alloc.o(.text) for __Heap_Full
    heap2.o(i._posix_memalign$realtime) refers to fdtree.o(i._FDTree_RemoveNode) for _FDTree_RemoveNode
    heap2.o(i._posix_memalign$realtime) refers to fdtree.o(i._FDTree_Insert) for _FDTree_Insert
    heap2.o(i._realloc$realtime) refers to rt_heap_descriptor_intlibspace.o(.text) for __rt_heap_descriptor
    heap2.o(i._realloc$realtime) refers to h1_free.o(.text) for free
    heap2.o(i._realloc$realtime) refers to h1_alloc.o(.text) for malloc
    heap2.o(i._realloc$realtime) refers to fdtree.o(i._FDTree_Delete) for _FDTree_Delete
    heap2.o(i._realloc$realtime) refers to fdtree.o(i._FDTree_Insert) for _FDTree_Insert
    heap2.o(i._realloc$realtime) refers to rt_memcpy_w.o(.text) for __aeabi_memcpy4
    heap2mt.o(i._FDIterate) refers to heap2.o(i.__ARM_common_call_via_r6) for __ARM_common_call_via_r6
    heap2mt.o(i._FDIterate) refers to heap2mt.o(.constdata) for .constdata
    heap2mt.o(i.___Heap_Initialize$realtime$concurrent) refers to mutex_dummy.o(.text) for _mutex_initialize
    heap2mt.o(i.___Heap_ProvideMemory$realtime$concurrent) refers to fdtree.o(i._FDTree_Delete) for _FDTree_Delete
    heap2mt.o(i.___Heap_ProvideMemory$realtime$concurrent) refers to fdtree.o(i._FDTree_Insert) for _FDTree_Insert
    heap2mt.o(i.___Heap_Stats$realtime$concurrent) refers to heap2mt.o(i._Heap2_StatsIterate) for _Heap2_StatsIterate
    heap2mt.o(i.___Heap_Stats$realtime$concurrent) refers to aeabi_sdiv.o(.text_udiv) for __aeabi_uidivmod
    heap2mt.o(i.___Heap_Stats$realtime$concurrent) refers to heap2.o(i.__ARM_common_call_via_r5) for __ARM_common_call_via_r5
    heap2mt.o(i.___Heap_Valid$realtime$concurrent) refers to heap2.o(i.__ARM_common_call_via_r5) for __ARM_common_call_via_r5
    heap2mt.o(i.___Heap_Valid$realtime$concurrent) refers to heap2mt.o(i._FDIterate) for _FDIterate
    heap2mt.o(i.___Heap_Valid$realtime$concurrent) refers to heap2mt.o(.constdata) for .constdata
    heap2mt.o(i._free$realtime$concurrent) refers to rt_heap_descriptor_intlibspace.o(.text) for __rt_heap_descriptor
    heap2mt.o(i._free$realtime$concurrent) refers to fdtree.o(i._FDTree_Delete) for _FDTree_Delete
    heap2mt.o(i._free$realtime$concurrent) refers to fdtree.o(i._FDTree_Insert) for _FDTree_Insert
    heap2mt.o(i._malloc$realtime$concurrent) refers to rt_heap_descriptor_intlibspace.o(.text) for __rt_heap_descriptor
    heap2mt.o(i._malloc$realtime$concurrent) refers to fdtree.o(i._FDTree_FindFirst) for _FDTree_FindFirst
    heap2mt.o(i._malloc$realtime$concurrent) refers to init_alloc.o(.text) for __Heap_Full
    heap2mt.o(i._malloc$realtime$concurrent) refers to fdtree.o(i._FDTree_RemoveNode) for _FDTree_RemoveNode
    heap2mt.o(i._malloc$realtime$concurrent) refers to fdtree.o(i._FDTree_Insert) for _FDTree_Insert
    heap2mt.o(i._posix_memalign$realtime$concurrent) refers to rt_heap_descriptor_intlibspace.o(.text) for __rt_heap_descriptor
    heap2mt.o(i._posix_memalign$realtime$concurrent) refers to fdtree.o(i._FDTree_FindFirst) for _FDTree_FindFirst
    heap2mt.o(i._posix_memalign$realtime$concurrent) refers to init_alloc.o(.text) for __Heap_Full
    heap2mt.o(i._posix_memalign$realtime$concurrent) refers to fdtree.o(i._FDTree_RemoveNode) for _FDTree_RemoveNode
    heap2mt.o(i._posix_memalign$realtime$concurrent) refers to fdtree.o(i._FDTree_Insert) for _FDTree_Insert
    heap2mt.o(i._realloc$realtime$concurrent) refers to rt_heap_descriptor_intlibspace.o(.text) for __rt_heap_descriptor
    heap2mt.o(i._realloc$realtime$concurrent) refers to h1_free.o(.text) for free
    heap2mt.o(i._realloc$realtime$concurrent) refers to h1_alloc.o(.text) for malloc
    heap2mt.o(i._realloc$realtime$concurrent) refers to fdtree.o(i._FDTree_Delete) for _FDTree_Delete
    heap2mt.o(i._realloc$realtime$concurrent) refers to fdtree.o(i._FDTree_Insert) for _FDTree_Insert
    heap2mt.o(i._realloc$realtime$concurrent) refers to rt_memcpy_w.o(.text) for __aeabi_memcpy4
    aeabi_memset.o(.text) refers to rt_memclr.o(.text) for _memset
    __main.o(!!!main) refers to rtentry.o(.ARM.Collect$$rtentry$$00000000) for __rt_entry
    rtentry.o(.ARM.Collect$$rtentry$$00000000) refers (Special) to rtentry2.o(.ARM.Collect$$rtentry$$0000000A) for __rt_entry_li
    rtentry.o(.ARM.Collect$$rtentry$$00000000) refers (Special) to rtentry2.o(.ARM.Collect$$rtentry$$0000000D) for __rt_entry_main
    rtentry.o(.ARM.Collect$$rtentry$$00000000) refers (Special) to rtentry2.o(.ARM.Collect$$rtentry$$0000000C) for __rt_entry_postli_1
    rtentry.o(.ARM.Collect$$rtentry$$00000000) refers (Special) to rtentry2.o(.ARM.Collect$$rtentry$$00000009) for __rt_entry_postsh_1
    rtentry.o(.ARM.Collect$$rtentry$$00000000) refers (Special) to rtentry2.o(.ARM.Collect$$rtentry$$00000002) for __rt_entry_presh_1
    rtentry.o(.ARM.Collect$$rtentry$$00000000) refers (Special) to rtentry4.o(.ARM.Collect$$rtentry$$00000004) for __rt_entry_sh
    rt_heap_descriptor.o(.text) refers to rt_heap_descriptor.o(.bss) for __rt_heap_descriptor_data
    rt_heap_descriptor_intlibspace.o(.text) refers to libspace.o(.bss) for __libspace_start
    init_alloc.o(.text) refers (Special) to hguard.o(.text) for __heap$guard
    init_alloc.o(.text) refers (Special) to libinit2.o(.ARM.Collect$$libinit$$00000001) for __rt_lib_init_heap_2
    init_alloc.o(.text) refers (Special) to maybetermalloc1.o(.emb_text) for _maybe_terminate_alloc
    init_alloc.o(.text) refers to h1_extend.o(.text) for __Heap_ProvideMemory
    init_alloc.o(.text) refers to defsig_rtmem_outer.o(.text) for __rt_SIGRTMEM
    init_alloc.o(.text) refers to rt_heap_descriptor_intlibspace.o(.text) for __rt_heap_descriptor
    init_alloc.o(.text) refers to h1_init.o(.text) for __Heap_Initialize
    free.o(.text) refers (Special) to hguard.o(.text) for __heap$guard
    free.o(.text) refers to rt_heap_descriptor_intlibspace.o(.text) for __rt_heap_descriptor
    h1_free.o(.text) refers to rt_heap_descriptor_intlibspace.o(.text) for __rt_heap_descriptor
    h1_init_mt.o(.text) refers to mutex_dummy.o(.text) for _mutex_initialize
    h1_free_mt.o(.text) refers to rt_heap_descriptor_intlibspace.o(.text) for __rt_heap_descriptor
    rt_memclr.o(.text) refers to rt_memclr_w.o(.text) for _memset_w
    aeabi_sdiv.o(.text_udiv) refers to aeabi_sdiv.o(.text) for __arm_div2
    aeabi_sdiv_div0.o(.text_udiv) refers to aeabi_sdiv_div0.o(.text) for __arm_div2
    _get_argv.o(.text) refers (Special) to hrguard.o(.text) for __heap_region$guard
    _get_argv.o(.text) refers to h1_alloc.o(.text) for malloc
    _get_argv.o(.text) refers to defsig_rtmem_outer.o(.text) for __rt_SIGRTMEM
    _get_argv.o(.text) refers to sys_command.o(.text) for _sys_command_string
    libinit2.o(.ARM.Collect$$libinit$$00000001) refers (Weak) to init_alloc.o(.text) for _init_alloc
    libinit2.o(.ARM.Collect$$libinit$$0000000C) refers to libinit2.o(.ARM.Collect$$libinit$$0000000B) for .ARM.Collect$$libinit$$0000000B
    libinit2.o(.ARM.Collect$$libinit$$0000000E) refers to libinit2.o(.ARM.Collect$$libinit$$0000000B) for .ARM.Collect$$libinit$$0000000B
    libinit2.o(.ARM.Collect$$libinit$$00000010) refers to libinit2.o(.ARM.Collect$$libinit$$0000000B) for .ARM.Collect$$libinit$$0000000B
    libinit2.o(.ARM.Collect$$libinit$$00000012) refers to libinit2.o(.ARM.Collect$$libinit$$0000000B) for .ARM.Collect$$libinit$$0000000B
    libinit2.o(.ARM.Collect$$libinit$$00000014) refers to libinit2.o(.ARM.Collect$$libinit$$0000000B) for .ARM.Collect$$libinit$$0000000B
    libinit2.o(.ARM.Collect$$libinit$$00000022) refers to argv_veneer.o(.emb_text) for __ARM_argv_veneer
    libinit2.o(.ARM.Collect$$libinit$$00000023) refers to argv_veneer.o(.emb_text) for __ARM_argv_veneer
    sys_command.o(.text) refers (Special) to use_no_semi.o(.text) for __I$use$semihosting
    sys_command.o(.text) refers (Special) to indicate_semi.o(.text) for __semihosting_library_function
    libspace.o(.text) refers to libspace.o(.bss) for __libspace_start
    rtentry2.o(.ARM.Collect$$rtentry$$00000008) refers to boardinit2.o(.text) for _platform_post_stackheap_init
    rtentry2.o(.ARM.Collect$$rtentry$$0000000A) refers to libinit.o(.ARM.Collect$$libinit$$00000000) for __rt_lib_init
    rtentry2.o(.ARM.Collect$$rtentry$$0000000B) refers to boardinit3.o(.text) for _platform_post_lib_init
    rtentry2.o(.ARM.Collect$$rtentry$$0000000D) refers to exit.o(.text) for exit
    rtentry2.o(.ARM.Collect$$rtentry$$0000000D) refers to lcd.o(.text) for main
    rtentry2.o(.ARM.exidx) refers to rtentry2.o(.ARM.Collect$$rtentry$$00000001) for .ARM.Collect$$rtentry$$00000001
    rtentry2.o(.ARM.exidx) refers to rtentry2.o(.ARM.Collect$$rtentry$$00000008) for .ARM.Collect$$rtentry$$00000008
    rtentry2.o(.ARM.exidx) refers to rtentry2.o(.ARM.Collect$$rtentry$$0000000A) for .ARM.Collect$$rtentry$$0000000A
    rtentry2.o(.ARM.exidx) refers to rtentry2.o(.ARM.Collect$$rtentry$$0000000B) for .ARM.Collect$$rtentry$$0000000B
    rtentry2.o(.ARM.exidx) refers to rtentry2.o(.ARM.Collect$$rtentry$$0000000D) for .ARM.Collect$$rtentry$$0000000D
    rtentry4.o(.ARM.Collect$$rtentry$$00000004) refers to sys_stackheap_outer.o(.text) for __user_setup_stackheap
    rtentry4.o(.ARM.exidx) refers to rtentry4.o(.ARM.Collect$$rtentry$$00000004) for .ARM.Collect$$rtentry$$00000004
    aeabi_idiv0_sigfpe.o(.text) refers to rt_div0.o(.text) for __rt_div0
    maybetermalloc2.o(.emb_text) refers (Special) to term_alloc.o(.text) for _terminate_alloc
    h1_extend.o(.text) refers to h1_free.o(.text) for free
    h1_extend_mt.o(.text) refers to h1_free_mt.o(.text) for _free_internal
    defsig_rtmem_outer.o(.text) refers to defsig_rtmem_inner.o(.text) for __rt_SIGRTMEM_inner
    defsig_rtmem_outer.o(.text) refers to defsig_exit.o(.text) for __sig_exit
    defsig_rtmem_formal.o(.text) refers to rt_raise.o(.text) for __rt_raise
    heapauxa.o(.text) refers to heapauxa.o(.data) for .data
    argv_veneer.o(.emb_text) refers to no_argv.o(.text) for __ARM_get_argv
    sys_stackheap_outer.o(.text) refers to libspace.o(.text) for __user_perproc_libspace
    sys_stackheap_outer.o(.text) refers to w90p710.o(.text) for __user_initial_stackheap
    rt_div0.o(.text) refers to defsig_fpe_outer.o(.text) for __rt_SIGFPE
    rt_raise.o(.text) refers to __raise.o(.text) for __raise
    rt_raise.o(.text) refers to sys_exit.o(.text) for _sys_exit
    term_alloc.o(.text) refers (Special) to libshutdown2.o(.ARM.Collect$$libshutdown$$0000000D) for __rt_lib_shutdown_heap_2
    term_alloc.o(.text) refers to rt_heap_descriptor_intlibspace.o(.text) for __rt_heap_descriptor
    exit.o(.text) refers to rtexit.o(.ARM.Collect$$rtexit$$00000000) for __rt_exit
    defsig_exit.o(.text) refers to sys_exit.o(.text) for _sys_exit
    defsig_rtmem_inner.o(.text) refers to defsig_general.o(.text) for __default_signal_display
    _get_argv_nomalloc.o(.text) refers (Special) to hrguard.o(.text) for __heap_region$guard
    _get_argv_nomalloc.o(.text) refers to defsig_rtmem_outer.o(.text) for __rt_SIGRTMEM
    _get_argv_nomalloc.o(.text) refers to sys_command.o(.text) for _sys_command_string
    libinit.o(.ARM.Collect$$libinit$$00000000) refers (Special) to libinit2.o(.ARM.Collect$$libinit$$0000002A) for __rt_lib_init_alloca_1
    libinit.o(.ARM.Collect$$libinit$$00000000) refers (Special) to libinit2.o(.ARM.Collect$$libinit$$00000028) for __rt_lib_init_argv_1
    libinit.o(.ARM.Collect$$libinit$$00000000) refers (Special) to libinit2.o(.ARM.Collect$$libinit$$00000017) for __rt_lib_init_atexit_1
    libinit.o(.ARM.Collect$$libinit$$00000000) refers (Special) to libinit2.o(.ARM.Collect$$libinit$$0000001D) for __rt_lib_init_clock_1
    libinit.o(.ARM.Collect$$libinit$$00000000) refers (Special) to libinit2.o(.ARM.Collect$$libinit$$0000002E) for __rt_lib_init_cpp_1
    libinit.o(.ARM.Collect$$libinit$$00000000) refers (Special) to libinit2.o(.ARM.Collect$$libinit$$0000002C) for __rt_lib_init_exceptions_1
    libinit.o(.ARM.Collect$$libinit$$00000000) refers (Special) to libinit2.o(.ARM.Collect$$libinit$$0000001B) for __rt_lib_init_fp_trap_1
    libinit.o(.ARM.Collect$$libinit$$00000000) refers (Special) to libinit2.o(.ARM.Collect$$libinit$$0000001F) for __rt_lib_init_getenv_1
    libinit.o(.ARM.Collect$$libinit$$00000000) refers (Special) to libinit2.o(.ARM.Collect$$libinit$$00000006) for __rt_lib_init_heap_1
    libinit.o(.ARM.Collect$$libinit$$00000000) refers (Special) to libinit2.o(.ARM.Collect$$libinit$$0000000D) for __rt_lib_init_lc_collate_1
    libinit.o(.ARM.Collect$$libinit$$00000000) refers (Special) to libinit2.o(.ARM.Collect$$libinit$$0000000F) for __rt_lib_init_lc_ctype_1
    libinit.o(.ARM.Collect$$libinit$$00000000) refers (Special) to libinit2.o(.ARM.Collect$$libinit$$00000011) for __rt_lib_init_lc_monetary_1
    libinit.o(.ARM.Collect$$libinit$$00000000) refers (Special) to libinit2.o(.ARM.Collect$$libinit$$00000013) for __rt_lib_init_lc_numeric_1
    libinit.o(.ARM.Collect$$libinit$$00000000) refers (Special) to libinit2.o(.ARM.Collect$$libinit$$00000015) for __rt_lib_init_lc_time_1
    libinit.o(.ARM.Collect$$libinit$$00000000) refers (Special) to libinit2.o(.ARM.Collect$$libinit$$0000000A) for __rt_lib_init_rand_1
    libinit.o(.ARM.Collect$$libinit$$00000000) refers (Special) to libinit2.o(.ARM.Collect$$libinit$$0000002F) for __rt_lib_init_return
    libinit.o(.ARM.Collect$$libinit$$00000000) refers (Special) to libinit2.o(.ARM.Collect$$libinit$$00000019) for __rt_lib_init_signal_1
    libinit.o(.ARM.Collect$$libinit$$00000000) refers (Special) to libinit2.o(.ARM.Collect$$libinit$$00000021) for __rt_lib_init_stdio_1
    libinit.o(.ARM.Collect$$libinit$$00000000) refers (Special) to libinit2.o(.ARM.Collect$$libinit$$00000008) for __rt_lib_init_user_alloc_1
    libinit.o(.ARM.Collect$$libinit$$00000000) refers to fpinit.o(x$fpl$fpinit) for _fp_init
    sys_exit.o(.text) refers (Special) to use_no_semi.o(.text) for __I$use$semihosting
    sys_exit.o(.text) refers (Special) to indicate_semi.o(.text) for __semihosting_library_function
    rtexit.o(.ARM.Collect$$rtexit$$00000000) refers (Special) to rtexit2.o(.ARM.Collect$$rtexit$$00000004) for __rt_exit_exit
    rtexit.o(.ARM.Collect$$rtexit$$00000000) refers (Special) to rtexit2.o(.ARM.Collect$$rtexit$$00000003) for __rt_exit_ls
    rtexit.o(.ARM.Collect$$rtexit$$00000000) refers (Special) to rtexit2.o(.ARM.Collect$$rtexit$$00000002) for __rt_exit_prels_1
    rtexit.o(.ARM.exidx) refers (Special) to rtexit2.o(.ARM.Collect$$rtexit$$00000004) for __rt_exit_exit
    rtexit.o(.ARM.exidx) refers (Special) to rtexit2.o(.ARM.Collect$$rtexit$$00000003) for __rt_exit_ls
    rtexit.o(.ARM.exidx) refers (Special) to rtexit2.o(.ARM.Collect$$rtexit$$00000002) for __rt_exit_prels_1
    rtexit.o(.ARM.exidx) refers to rtexit.o(.ARM.Collect$$rtexit$$00000000) for .ARM.Collect$$rtexit$$00000000
    __raise.o(.text) refers to __raise.o(i.__ARM_common_call_via_r2) for __ARM_common_call_via_r2
    __raise.o(.text) refers to defsig.o(CL$$defsig) for __default_signal_handler
    defsig_general.o(.text) refers to sys_wrch.o(.text) for _ttywrch
    defsig_fpe_outer.o(.text) refers to defsig_fpe_inner.o(.text) for __rt_SIGFPE_inner
    defsig_fpe_outer.o(.text) refers to defsig_exit.o(.text) for __sig_exit
    defsig_fpe_formal.o(.text) refers to rt_raise.o(.text) for __rt_raise
    libshutdown2.o(.ARM.Collect$$libshutdown$$0000000C) refers (Weak) to term_alloc.o(.text) for _terminate_alloc
    fpinit.o(x$fpl$fpinit) refers to rt_fp_status_addr_intlibspace.o(.text) for __rt_fp_status_addr
    sys_wrch.o(.text) refers (Special) to use_no_semi.o(.text) for __I$use$semihosting
    sys_wrch.o(.text) refers (Special) to indicate_semi.o(.text) for __semihosting_library_function
    rtexit2.o(.ARM.Collect$$rtexit$$00000003) refers to libshutdown.o(.ARM.Collect$$libshutdown$$00000000) for __rt_lib_shutdown
    rtexit2.o(.ARM.Collect$$rtexit$$00000004) refers to sys_exit.o(.text) for _sys_exit
    rtexit2.o(.ARM.exidx) refers to rtexit2.o(.ARM.Collect$$rtexit$$00000001) for .ARM.Collect$$rtexit$$00000001
    rtexit2.o(.ARM.exidx) refers to rtexit2.o(.ARM.Collect$$rtexit$$00000003) for .ARM.Collect$$rtexit$$00000003
    rtexit2.o(.ARM.exidx) refers to rtexit2.o(.ARM.Collect$$rtexit$$00000004) for .ARM.Collect$$rtexit$$00000004
    rt_fp_status_addr.o(.text) refers to rt_fp_status_addr.o(.bss) for __rt_fp_status_addr_data
    rt_fp_status_addr_intlibspace.o(.text) refers to libspace.o(.bss) for __libspace_start
    defsig_fpe_inner.o(.text) refers to defsig_general.o(.text) for __default_signal_display
    defsig.o(CL$$defsig) refers to defsig_fpe_inner.o(.text) for __rt_SIGFPE_inner
    defsig.o(CL$$defsig) refers to defsig_rtmem_inner.o(.text) for __rt_SIGRTMEM_inner
    defsig_abrt_inner.o(.text) refers to defsig_general.o(.text) for __default_signal_display
    defsig_rtred_inner.o(.text) refers to defsig_general.o(.text) for __default_signal_display
    defsig_stak_inner.o(.text) refers to defsig_general.o(.text) for __default_signal_display
    defsig_pvfn_inner.o(.text) refers to defsig_general.o(.text) for __default_signal_display
    defsig_cppl_inner.o(.text) refers to defsig_general.o(.text) for __default_signal_display
    defsig_segv_inner.o(.text) refers to defsig_general.o(.text) for __default_signal_display
    defsig_other.o(.text) refers to defsig_general.o(.text) for __default_signal_display
    libshutdown.o(.ARM.Collect$$libshutdown$$00000000) refers (Special) to libshutdown2.o(.ARM.Collect$$libshutdown$$00000006) for __rt_lib_shutdown_fp_trap_1
    libshutdown.o(.ARM.Collect$$libshutdown$$00000000) refers (Special) to libshutdown2.o(.ARM.Collect$$libshutdown$$0000000E) for __rt_lib_shutdown_heap_1
    libshutdown.o(.ARM.Collect$$libshutdown$$00000000) refers (Special) to libshutdown2.o(.ARM.Collect$$libshutdown$$0000000F) for __rt_lib_shutdown_return
    libshutdown.o(.ARM.Collect$$libshutdown$$00000000) refers (Special) to libshutdown2.o(.ARM.Collect$$libshutdown$$00000009) for __rt_lib_shutdown_signal_1
    libshutdown.o(.ARM.Collect$$libshutdown$$00000000) refers (Special) to libshutdown2.o(.ARM.Collect$$libshutdown$$00000003) for __rt_lib_shutdown_stdio_1
    libshutdown.o(.ARM.Collect$$libshutdown$$00000000) refers (Special) to libshutdown2.o(.ARM.Collect$$libshutdown$$0000000B) for __rt_lib_shutdown_user_alloc_1


==============================================================================

Removing Unused input sections from the image.

    Removing background.o(.data), (153600 bytes).
    Removing arm_ani.o(.data), (108000 bytes).

2 unused section(s) (total 261600 bytes) removed from the image.

==============================================================================

Adding Veneers to the image

    Adding AT veneer (8 bytes, Inline) for call to '__rt_lib_init' from rtentry2.o(.ARM.Collect$$rtentry$$0000000A).
    Adding AT veneer (8 bytes, Inline) for call to '__rt_lib_shutdown' from rtexit2.o(.ARM.Collect$$rtexit$$00000003).
    Adding TA veneer (4 bytes, Inline) for call to '__rt_exit' from exit.o(.text).
    Adding AT veneer (8 bytes, Inline) for call to 'malloc' from glcd.o(.text).
    Adding TA veneer (4 bytes, Inline) for call to '__rt_heap_descriptor' from h1_alloc.o(.text).
    Adding AT veneer (8 bytes, Inline) for call to '_sys_exit' from rtexit2.o(.ARM.Collect$$rtexit$$00000004).
    Adding TA veneer (4 bytes, Inline) for call to '_fp_init' from libinit.o(.ARM.Collect$$libinit$$00000000).

7 Veneer(s) (total 44 bytes) added to the image.

==============================================================================

Image Symbol Table

    Local Symbols

    Symbol Name                              Value     Ov Type        Size  Object(Section)

    RESET                                    0x00000000   Section      180  w90p710.o(RESET)
    ../../angel/boardlib.s                   0x00000000   Number         0  boardinit3.o ABSOLUTE
    ../../angel/boardlib.s                   0x00000000   Number         0  boardinit2.o ABSOLUTE
    ../../angel/boardlib.s                   0x00000000   Number         0  boardinit1.o ABSOLUTE
    ../../angel/boardlib.s                   0x00000000   Number         0  boardshut.o ABSOLUTE
    ../../angel/handlers.s                   0x00000000   Number         0  __scatter_copy.o ABSOLUTE
    ../../angel/handlers.s                   0x00000000   Number         0  __scatter_zi.o ABSOLUTE
    ../../angel/kernel.s                     0x00000000   Number         0  rtentry.o ABSOLUTE
    ../../angel/kernel.s                     0x00000000   Number         0  rtentry2.o ABSOLUTE
    ../../angel/kernel.s                     0x00000000   Number         0  rtexit2.o ABSOLUTE
    ../../angel/kernel.s                     0x00000000   Number         0  rtentry4.o ABSOLUTE
    ../../angel/kernel.s                     0x00000000   Number         0  rtexit.o ABSOLUTE
    ../../angel/rt.s                         0x00000000   Number         0  rt_fp_status_addr_intlibspace.o ABSOLUTE
    ../../angel/rt.s                         0x00000000   Number         0  rt_fp_status_addr.o ABSOLUTE
    ../../angel/rt.s                         0x00000000   Number         0  aeabi_idiv0_sigfpe.o ABSOLUTE
    ../../angel/rt.s                         0x00000000   Number         0  rt_raise.o ABSOLUTE
    ../../angel/rt.s                         0x00000000   Number         0  rt_div0.o ABSOLUTE
    ../../angel/rt.s                         0x00000000   Number         0  aeabi_idiv0.o ABSOLUTE
    ../../angel/rt.s                         0x00000000   Number         0  rt_heap_descriptor_intlibspace.o ABSOLUTE
    ../../angel/rt.s                         0x00000000   Number         0  rt_heap_descriptor.o ABSOLUTE
    ../../angel/scatter.s                    0x00000000   Number         0  __scatter.o ABSOLUTE
    ../../angel/startup.s                    0x00000000   Number         0  __main.o ABSOLUTE
    ../../angel/sys.s                        0x00000000   Number         0  use_no_semi.o ABSOLUTE
    ../../angel/sys.s                        0x00000000   Number         0  sys_stackheap_outer.o ABSOLUTE
    ../../angel/sys.s                        0x00000000   Number         0  mutex_dummy.o ABSOLUTE
    ../../angel/sys.s                        0x00000000   Number         0  libspace.o ABSOLUTE
    ../../angel/sys.s                        0x00000000   Number         0  indicate_semi.o ABSOLUTE
    ../../angel/sysapp.c                     0x00000000   Number         0  sys_exit.o ABSOLUTE
    ../../angel/sysapp.c                     0x00000000   Number         0  sys_wrch.o ABSOLUTE
    ../../angel/sysapp.c                     0x00000000   Number         0  sys_command.o ABSOLUTE
    ../../armsys.c                           0x00000000   Number         0  argv_veneer.o ABSOLUTE
    ../../armsys.c                           0x00000000   Number         0  _get_argv.o ABSOLUTE
    ../../armsys.c                           0x00000000   Number         0  argv_veneer.o ABSOLUTE
    ../../armsys.c                           0x00000000   Number         0  _get_argv_nomalloc.o ABSOLUTE
    ../../armsys.c                           0x00000000   Number         0  no_argv.o ABSOLUTE
    ../../division.s                         0x00000000   Number         0  aeabi_sdiv_div0.o ABSOLUTE
    ../../division.s                         0x00000000   Number         0  aeabi_sdiv.o ABSOLUTE
    ../../divrt.s                            0x00000000   Number         0  divrt_7tdmi_div0.o ABSOLUTE
    ../../divrt.s                            0x00000000   Number         0  divrt_7tdmi.o ABSOLUTE
    ../../fpinit.s                           0x00000000   Number         0  fpinit.o ABSOLUTE
    ../../heap1.c                            0x00000000   Number         0  h1_free_mt.o ABSOLUTE
    ../../heap1.c                            0x00000000   Number         0  h1_extend_mt.o ABSOLUTE
    ../../heap1.c                            0x00000000   Number         0  h1_free.o ABSOLUTE
    ../../heap1.c                            0x00000000   Number         0  h1_init.o ABSOLUTE
    ../../heap1.c                            0x00000000   Number         0  h1_alloc.o ABSOLUTE
    ../../heap1.c                            0x00000000   Number         0  h1_alloc_mt.o ABSOLUTE
    ../../heap1.c                            0x00000000   Number         0  h1_init_mt.o ABSOLUTE
    ../../heap1.c                            0x00000000   Number         0  h1_final_mt.o ABSOLUTE
    ../../heap1.c                            0x00000000   Number         0  h1_extend.o ABSOLUTE
    ../../heap1.c                            0x00000000   Number         0  h1_final.o ABSOLUTE
    ../../heap2.c                            0x00000000   Number         0  fdtree.o ABSOLUTE
    ../../heap2.c                            0x00000000   Number         0  heap2mt.o ABSOLUTE
    ../../heap2.c                            0x00000000   Number         0  heap2.o ABSOLUTE
    ../../heapalloc.c                        0x00000000   Number         0  term_alloc.o ABSOLUTE
    ../../heapalloc.c                        0x00000000   Number         0  maybetermalloc1.o ABSOLUTE
    ../../heapalloc.c                        0x00000000   Number         0  maybetermalloc2.o ABSOLUTE
    ../../heapalloc.c                        0x00000000   Number         0  hrguard.o ABSOLUTE
    ../../heapalloc.c                        0x00000000   Number         0  malloc.o ABSOLUTE
    ../../heapalloc.c                        0x00000000   Number         0  init_alloc.o ABSOLUTE
    ../../heapalloc.c                        0x00000000   Number         0  maybetermalloc2.o ABSOLUTE
    ../../heapalloc.c                        0x00000000   Number         0  free.o ABSOLUTE
    ../../heapalloc.c                        0x00000000   Number         0  heapstubs.o ABSOLUTE
    ../../heapalloc.c                        0x00000000   Number         0  maybetermalloc1.o ABSOLUTE
    ../../heapalloc.c                        0x00000000   Number         0  hguard.o ABSOLUTE
    ../../heapaux.c                          0x00000000   Number         0  heapauxa.o ABSOLUTE
    ../../heapaux.c                          0x00000000   Number         0  heapauxi.o ABSOLUTE
    ../../libinit.s                          0x00000000   Number         0  libinit2.o ABSOLUTE
    ../../libinit.s                          0x00000000   Number         0  libinit.o ABSOLUTE
    ../../libinit.s                          0x00000000   Number         0  libshutdown2.o ABSOLUTE
    ../../libinit.s                          0x00000000   Number         0  libshutdown.o ABSOLUTE
    ../../memcpset.s                         0x00000000   Number         0  aeabi_memset.o ABSOLUTE
    ../../memcpset.s                         0x00000000   Number         0  rt_memcpy_w.o ABSOLUTE
    ../../memcpset.s                         0x00000000   Number         0  rt_memclr_w.o ABSOLUTE
    ../../memcpset.s                         0x00000000   Number         0  rt_memclr.o ABSOLUTE
    ../../signal.c                           0x00000000   Number         0  defsig_general.o ABSOLUTE
    ../../signal.c                           0x00000000   Number         0  defsig_rtmem_formal.o ABSOLUTE
    ../../signal.c                           0x00000000   Number         0  __raise.o ABSOLUTE
    ../../signal.c                           0x00000000   Number         0  defsig_rtmem_inner.o ABSOLUTE
    ../../signal.c                           0x00000000   Number         0  defsig_rtmem_outer.o ABSOLUTE
    ../../signal.c                           0x00000000   Number         0  defsig_rtred_inner.o ABSOLUTE
    ../../signal.c                           0x00000000   Number         0  defsig_segv_inner.o ABSOLUTE
    ../../signal.c                           0x00000000   Number         0  defsig_exit.o ABSOLUTE
    ../../signal.c                           0x00000000   Number         0  defsig_other.o ABSOLUTE
    ../../signal.c                           0x00000000   Number         0  defsig_fpe_outer.o ABSOLUTE
    ../../signal.c                           0x00000000   Number         0  defsig_cppl_inner.o ABSOLUTE
    ../../signal.c                           0x00000000   Number         0  defsig_pvfn_inner.o ABSOLUTE
    ../../signal.c                           0x00000000   Number         0  defsig_stak_inner.o ABSOLUTE
    ../../signal.c                           0x00000000   Number         0  defsig_abrt_inner.o ABSOLUTE
    ../../signal.c                           0x00000000   Number         0  defsig_fpe_inner.o ABSOLUTE
    ../../signal.c                           0x00000000   Number         0  defsig_fpe_formal.o ABSOLUTE
    ../../signal.s                           0x00000000   Number         0  defsig.o ABSOLUTE
    ../../stdlib.c                           0x00000000   Number         0  exit.o ABSOLUTE
    ARM_Ani.c                                0x00000000   Number         0  arm_ani.o ABSOLUTE
    Background.c                             0x00000000   Number         0  background.o ABSOLUTE
    GLCD.c                                   0x00000000   Number         0  glcd.o ABSOLUTE
    IRQ.c                                    0x00000000   Number         0  irq.o ABSOLUTE
    W90P710.s                                0x00000000   Number         0  w90p710.o ABSOLUTE
    dc.s                                     0x00000000   Number         0  dc.o ABSOLUTE
    lcd.c                                    0x00000000   Number         0  lcd.o ABSOLUTE
    pic1.c                                   0x00000000   Number         0  pic1.o ABSOLUTE
    pic2.c                                   0x00000000   Number         0  pic2.o ABSOLUTE
    pic3.c                                   0x00000000   Number         0  pic3.o ABSOLUTE
    pic4.c                                   0x00000000   Number         0  pic4.o ABSOLUTE
    pic5.c                                   0x00000000   Number         0  pic5.o ABSOLUTE
    pic6.c                                   0x00000000   Number         0  pic6.o ABSOLUTE
    pic7.c                                   0x00000000   Number         0  pic7.o ABSOLUTE
    Undef_Handler                            0x00000040   ARM Code       4  w90p710.o(RESET)
    PAbt_Handler                             0x00000048   ARM Code       4  w90p710.o(RESET)
    DAbt_Handler                             0x0000004c   ARM Code       4  w90p710.o(RESET)
    !!!main                                  0x000000b4   Section        8  __main.o(!!!main)
    !!!scatter                               0x000000bc   Section       60  __scatter.o(!!!scatter)
    !!handler_copy                           0x000000f8   Section       40  __scatter_copy.o(!!handler_copy)
    !!handler_zi                             0x00000120   Section       44  __scatter_zi.o(!!handler_zi)
    .ARM.Collect$$libinit$$00000000          0x00000154   Section        6  libinit.o(.ARM.Collect$$libinit$$00000000)
    .ARM.Collect$$libinit$$00000001          0x0000015a   Section        8  libinit2.o(.ARM.Collect$$libinit$$00000001)
    .ARM.Collect$$libinit$$00000006          0x00000162   Section        0  libinit2.o(.ARM.Collect$$libinit$$00000006)
    .ARM.Collect$$libinit$$00000008          0x00000162   Section        0  libinit2.o(.ARM.Collect$$libinit$$00000008)
    .ARM.Collect$$libinit$$0000000A          0x00000162   Section        0  libinit2.o(.ARM.Collect$$libinit$$0000000A)
    .ARM.Collect$$libinit$$0000000D          0x00000162   Section        0  libinit2.o(.ARM.Collect$$libinit$$0000000D)
    .ARM.Collect$$libinit$$0000000F          0x00000162   Section        0  libinit2.o(.ARM.Collect$$libinit$$0000000F)
    .ARM.Collect$$libinit$$00000011          0x00000162   Section        0  libinit2.o(.ARM.Collect$$libinit$$00000011)
    .ARM.Collect$$libinit$$00000013          0x00000162   Section        0  libinit2.o(.ARM.Collect$$libinit$$00000013)
    .ARM.Collect$$libinit$$00000015          0x00000162   Section        0  libinit2.o(.ARM.Collect$$libinit$$00000015)
    .ARM.Collect$$libinit$$00000017          0x00000162   Section        0  libinit2.o(.ARM.Collect$$libinit$$00000017)
    .ARM.Collect$$libinit$$00000019          0x00000162   Section        0  libinit2.o(.ARM.Collect$$libinit$$00000019)
    .ARM.Collect$$libinit$$0000001B          0x00000162   Section        0  libinit2.o(.ARM.Collect$$libinit$$0000001B)
    .ARM.Collect$$libinit$$0000001D          0x00000162   Section        0  libinit2.o(.ARM.Collect$$libinit$$0000001D)
    .ARM.Collect$$libinit$$0000001F          0x00000162   Section        0  libinit2.o(.ARM.Collect$$libinit$$0000001F)
    .ARM.Collect$$libinit$$00000021          0x00000162   Section        0  libinit2.o(.ARM.Collect$$libinit$$00000021)
    .ARM.Collect$$libinit$$00000028          0x00000162   Section        0  libinit2.o(.ARM.Collect$$libinit$$00000028)
    .ARM.Collect$$libinit$$0000002A          0x00000162   Section        0  libinit2.o(.ARM.Collect$$libinit$$0000002A)
    .ARM.Collect$$libinit$$0000002C          0x00000162   Section        0  libinit2.o(.ARM.Collect$$libinit$$0000002C)
    .ARM.Collect$$libinit$$0000002E          0x00000162   Section        0  libinit2.o(.ARM.Collect$$libinit$$0000002E)
    .ARM.Collect$$libinit$$0000002F          0x00000162   Section       12  libinit2.o(.ARM.Collect$$libinit$$0000002F)
    .ARM.Collect$$libshutdown$$00000000      0x00000178   Section        4  libshutdown.o(.ARM.Collect$$libshutdown$$00000000)
    .ARM.Collect$$libshutdown$$00000003      0x0000017c   Section        0  libshutdown2.o(.ARM.Collect$$libshutdown$$00000003)
    .ARM.Collect$$libshutdown$$00000006      0x0000017c   Section        0  libshutdown2.o(.ARM.Collect$$libshutdown$$00000006)
    .ARM.Collect$$libshutdown$$00000009      0x0000017c   Section        0  libshutdown2.o(.ARM.Collect$$libshutdown$$00000009)
    .ARM.Collect$$libshutdown$$0000000B      0x0000017c   Section        0  libshutdown2.o(.ARM.Collect$$libshutdown$$0000000B)
    .ARM.Collect$$libshutdown$$0000000E      0x0000017c   Section        0  libshutdown2.o(.ARM.Collect$$libshutdown$$0000000E)
    .ARM.Collect$$libshutdown$$0000000F      0x0000017c   Section        6  libshutdown2.o(.ARM.Collect$$libshutdown$$0000000F)
    .ARM.Collect$$rtentry$$00000000          0x00000184   Section        0  rtentry.o(.ARM.Collect$$rtentry$$00000000)
    .ARM.Collect$$rtentry$$00000002          0x00000184   Section        0  rtentry2.o(.ARM.Collect$$rtentry$$00000002)
    .ARM.Collect$$rtentry$$00000004          0x00000184   Section        8  rtentry4.o(.ARM.Collect$$rtentry$$00000004)
    .ARM.Collect$$rtentry$$00000009          0x0000018c   Section        0  rtentry2.o(.ARM.Collect$$rtentry$$00000009)
    .ARM.Collect$$rtentry$$0000000A          0x0000018c   Section        4  rtentry2.o(.ARM.Collect$$rtentry$$0000000A)
    .ARM.Collect$$rtentry$$0000000C          0x00000190   Section        0  rtentry2.o(.ARM.Collect$$rtentry$$0000000C)
    .ARM.Collect$$rtentry$$0000000D          0x00000190   Section       40  rtentry2.o(.ARM.Collect$$rtentry$$0000000D)
    .ARM.Collect$$rtexit$$00000000           0x000001bc   Section        4  rtexit.o(.ARM.Collect$$rtexit$$00000000)
    .ARM.Collect$$rtexit$$00000002           0x000001c0   Section        0  rtexit2.o(.ARM.Collect$$rtexit$$00000002)
    .ARM.Collect$$rtexit$$00000003           0x000001c0   Section        4  rtexit2.o(.ARM.Collect$$rtexit$$00000003)
    .ARM.Collect$$rtexit$$00000004           0x000001c4   Section        8  rtexit2.o(.ARM.Collect$$rtexit$$00000004)
    .emb_text                                0x000001cc   Section        0  maybetermalloc1.o(.emb_text)
    .text                                    0x000001cc   Section       36  w90p710.o(.text)
    .text                                    0x000001f0   Section        0  glcd.o(.text)
    delay                                    0x000001f0   ARM Code      24  glcd.o(.text)
    wait_while_busy                          0x00000208   ARM Code      44  glcd.o(.text)
    .text                                    0x00000578   Section        0  lcd.o(.text)
    .text                                    0x00000830   Section        0  irq.o(.text)
    .text                                    0x00000914   Section        0  h1_alloc.o(.text)
    .text                                    0x00000984   Section       16  aeabi_memset.o(.text)
    .text                                    0x00000994   Section        0  heapauxi.o(.text)
    .text                                    0x000009a0   Section       12  rt_heap_descriptor_intlibspace.o(.text)
    .text                                    0x000009ac   Section        0  hguard.o(.text)
    .text                                    0x000009b0   Section        0  init_alloc.o(.text)
    .text                                    0x00000a44   Section        0  h1_init.o(.text)
    .text                                    0x00000a52   Section        0  h1_free.o(.text)
    .text                                    0x00000aa8   Section       64  rt_memclr.o(.text)
    .text                                    0x00000ae8   Section       12  libspace.o(.text)
    .text                                    0x00000af4   Section        0  h1_extend.o(.text)
    .text                                    0x00000b2c   Section        0  defsig_rtmem_outer.o(.text)
    .text                                    0x00000b3c   Section       84  rt_memclr_w.o(.text)
    .text                                    0x00000b90   Section        4  use_no_semi.o(.text)
    .text                                    0x00000b94   Section        0  indicate_semi.o(.text)
    .text                                    0x00000b94   Section       96  sys_stackheap_outer.o(.text)
    .text                                    0x00000bf4   Section        0  exit.o(.text)
    .text                                    0x00000c00   Section        0  defsig_exit.o(.text)
    .text                                    0x00000c10   Section        0  defsig_rtmem_inner.o(.text)
    .text                                    0x00000c6c   Section        0  sys_exit.o(.text)
    .text                                    0x00000c78   Section        0  defsig_general.o(.text)
    .text                                    0x00000cb0   Section        0  sys_wrch.o(.text)
    .text                                    0x00000cc0   Section       12  rt_fp_status_addr_intlibspace.o(.text)
    x$fpl$fpinit                             0x00000cd0   Section       24  fpinit.o(x$fpl$fpinit)
    .constdata                               0x00000ce8   Section       32  lcd.o(.constdata)
    .constdata                               0x00000d08   Section    153600  pic4.o(.constdata)
    .constdata                               0x00026508   Section    153600  pic1.o(.constdata)
    .constdata                               0x0004bd08   Section    153600  pic2.o(.constdata)
    .constdata                               0x00071508   Section    153600  pic3.o(.constdata)
    .constdata                               0x00096d08   Section    153600  pic7.o(.constdata)
    .constdata                               0x000bc508   Section    153600  pic5.o(.constdata)
    .constdata                               0x000e1d08   Section    153600  pic6.o(.constdata)
    .data                                    0x00800000   Section        4  glcd.o(.data)
    .data                                    0x00800004   Section        6  irq.o(.data)
    .bss                                     0x0080000c   Section       96  libspace.o(.bss)
    HEAP                                     0x00800070   Section    524288  w90p710.o(HEAP)
    Heap_Mem                                 0x00800070   Data       524288  w90p710.o(HEAP)
    STACK                                    0x00880070   Section     1160  w90p710.o(STACK)
    Stack_Mem                                0x00880070   Data        1024  w90p710.o(STACK)
    Stack_Top                                0x008804f8   Data           0  w90p710.o(STACK)

    Global Symbols

    Symbol Name                              Value     Ov Type        Size  Object(Section)

    BuildAttributes$$THM_ISAv1$ARM_ISAv4$S$PE$A:L22$X:L11$S22$IEEE1$IW$USESV6$~STKCKD$USESV7$~SHL$OTIME$ROPI$EBA8$UX$STANDARDLIB$REQ8$PRES8$EABIv2 0x00000000   Number         0  anon$$obj.o ABSOLUTE
    __ARM_use_no_argv                        0x00000000   Number         0  lcd.o ABSOLUTE
    __ARM_exceptions_init                     - Undefined Weak Reference
    __alloca_initialize                       - Undefined Weak Reference
    __cpp_initialize__aeabi_                  - Undefined Weak Reference
    __cxa_finalize                            - Undefined Weak Reference
    __rt_locale                               - Undefined Weak Reference
    __sigvec_lookup                           - Undefined Weak Reference
    __user_heap_extent                        - Undefined Weak Reference
    _atexit_init                              - Undefined Weak Reference
    _call_atexit_fns                          - Undefined Weak Reference
    _clock_init                               - Undefined Weak Reference
    _fp_trap_init                             - Undefined Weak Reference
    _fp_trap_shutdown                         - Undefined Weak Reference
    _get_lc_collate                           - Undefined Weak Reference
    _get_lc_ctype                             - Undefined Weak Reference
    _get_lc_monetary                          - Undefined Weak Reference
    _get_lc_numeric                           - Undefined Weak Reference
    _get_lc_time                              - Undefined Weak Reference
    _getenv_init                              - Undefined Weak Reference
    _handle_redirection                       - Undefined Weak Reference
    _initio                                   - Undefined Weak Reference
    _mutex_acquire                            - Undefined Weak Reference
    _mutex_free                               - Undefined Weak Reference
    _mutex_release                            - Undefined Weak Reference
    _rand_init                                - Undefined Weak Reference
    _signal_finish                            - Undefined Weak Reference
    _signal_init                              - Undefined Weak Reference
    _terminateio                              - Undefined Weak Reference
    SWI_Handler                              0x00000044   ARM Code       4  w90p710.o(RESET)
    FIQ_Handler                              0x00000054   ARM Code       4  w90p710.o(RESET)
    Reset_Handler                            0x00000058   ARM Code       0  w90p710.o(RESET)
    __main                                   0x000000b4   ARM Code       8  __main.o(!!!main)
    __scatterload                            0x000000bc   ARM Code       0  __scatter.o(!!!scatter)
    __scatterload_rt2                        0x000000bc   ARM Code      52  __scatter.o(!!!scatter)
    __scatterload_null                       0x000000d0   ARM Code       0  __scatter.o(!!!scatter)
    __scatterload_copy                       0x000000f8   ARM Code      40  __scatter_copy.o(!!handler_copy)
    __scatterload_zeroinit                   0x00000120   ARM Code      44  __scatter_zi.o(!!handler_zi)
    Inline ARM to Thumb Veneer to __rt_lib_init 0x0000014c   ARM Code       8  libinit.o(.ARM.Collect$$libinit$$00000000)
    __rt_lib_init                            0x00000155   Thumb Code     0  libinit.o(.ARM.Collect$$libinit$$00000000)
    __rt_lib_init_heap_2                     0x0000015b   Thumb Code     0  libinit2.o(.ARM.Collect$$libinit$$00000001)
    __rt_lib_init_alloca_1                   0x00000163   Thumb Code     0  libinit2.o(.ARM.Collect$$libinit$$0000002A)
    __rt_lib_init_argv_1                     0x00000163   Thumb Code     0  libinit2.o(.ARM.Collect$$libinit$$00000028)
    __rt_lib_init_atexit_1                   0x00000163   Thumb Code     0  libinit2.o(.ARM.Collect$$libinit$$00000017)
    __rt_lib_init_clock_1                    0x00000163   Thumb Code     0  libinit2.o(.ARM.Collect$$libinit$$0000001D)
    __rt_lib_init_cpp_1                      0x00000163   Thumb Code     0  libinit2.o(.ARM.Collect$$libinit$$0000002E)
    __rt_lib_init_exceptions_1               0x00000163   Thumb Code     0  libinit2.o(.ARM.Collect$$libinit$$0000002C)
    __rt_lib_init_fp_trap_1                  0x00000163   Thumb Code     0  libinit2.o(.ARM.Collect$$libinit$$0000001B)
    __rt_lib_init_getenv_1                   0x00000163   Thumb Code     0  libinit2.o(.ARM.Collect$$libinit$$0000001F)
    __rt_lib_init_heap_1                     0x00000163   Thumb Code     0  libinit2.o(.ARM.Collect$$libinit$$00000006)
    __rt_lib_init_lc_collate_1               0x00000163   Thumb Code     0  libinit2.o(.ARM.Collect$$libinit$$0000000D)
    __rt_lib_init_lc_ctype_1                 0x00000163   Thumb Code     0  libinit2.o(.ARM.Collect$$libinit$$0000000F)
    __rt_lib_init_lc_monetary_1              0x00000163   Thumb Code     0  libinit2.o(.ARM.Collect$$libinit$$00000011)
    __rt_lib_init_lc_numeric_1               0x00000163   Thumb Code     0  libinit2.o(.ARM.Collect$$libinit$$00000013)
    __rt_lib_init_lc_time_1                  0x00000163   Thumb Code     0  libinit2.o(.ARM.Collect$$libinit$$00000015)
    __rt_lib_init_rand_1                     0x00000163   Thumb Code     0  libinit2.o(.ARM.Collect$$libinit$$0000000A)
    __rt_lib_init_return                     0x00000163   Thumb Code     0  libinit2.o(.ARM.Collect$$libinit$$0000002F)
    __rt_lib_init_signal_1                   0x00000163   Thumb Code     0  libinit2.o(.ARM.Collect$$libinit$$00000019)
    __rt_lib_init_stdio_1                    0x00000163   Thumb Code     0  libinit2.o(.ARM.Collect$$libinit$$00000021)
    __rt_lib_init_user_alloc_1               0x00000163   Thumb Code     0  libinit2.o(.ARM.Collect$$libinit$$00000008)
    Inline ARM to Thumb Veneer to __rt_lib_shutdown 0x00000170   ARM Code       8  libshutdown.o(.ARM.Collect$$libshutdown$$00000000)
    __rt_lib_shutdown                        0x00000179   Thumb Code     0  libshutdown.o(.ARM.Collect$$libshutdown$$00000000)
    __rt_lib_shutdown_fp_trap_1              0x0000017d   Thumb Code     0  libshutdown2.o(.ARM.Collect$$libshutdown$$00000006)
    __rt_lib_shutdown_heap_1                 0x0000017d   Thumb Code     0  libshutdown2.o(.ARM.Collect$$libshutdown$$0000000E)
    __rt_lib_shutdown_return                 0x0000017d   Thumb Code     0  libshutdown2.o(.ARM.Collect$$libshutdown$$0000000F)
    __rt_lib_shutdown_signal_1               0x0000017d   Thumb Code     0  libshutdown2.o(.ARM.Collect$$libshutdown$$00000009)
    __rt_lib_shutdown_stdio_1                0x0000017d   Thumb Code     0  libshutdown2.o(.ARM.Collect$$libshutdown$$00000003)
    __rt_lib_shutdown_user_alloc_1           0x0000017d   Thumb Code     0  libshutdown2.o(.ARM.Collect$$libshutdown$$0000000B)
    __rt_entry                               0x00000184   ARM Code       0  rtentry.o(.ARM.Collect$$rtentry$$00000000)
    __rt_entry_presh_1                       0x00000184   ARM Code       0  rtentry2.o(.ARM.Collect$$rtentry$$00000002)
    __rt_entry_sh                            0x00000184   ARM Code       0  rtentry4.o(.ARM.Collect$$rtentry$$00000004)
    __rt_entry_li                            0x0000018c   ARM Code       0  rtentry2.o(.ARM.Collect$$rtentry$$0000000A)
    __rt_entry_postsh_1                      0x0000018c   ARM Code       0  rtentry2.o(.ARM.Collect$$rtentry$$00000009)
    __rt_entry_main                          0x00000190   ARM Code       0  rtentry2.o(.ARM.Collect$$rtentry$$0000000D)
    __rt_entry_postli_1                      0x00000190   ARM Code       0  rtentry2.o(.ARM.Collect$$rtentry$$0000000C)
    Inline Thumb to ARM Veneer to __rt_exit  0x000001b9   Thumb Code     4  rtexit.o(.ARM.Collect$$rtexit$$00000000)
    __rt_exit                                0x000001bc   ARM Code       0  rtexit.o(.ARM.Collect$$rtexit$$00000000)
    __rt_exit_ls                             0x000001c0   ARM Code       0  rtexit2.o(.ARM.Collect$$rtexit$$00000003)
    __rt_exit_prels_1                        0x000001c0   ARM Code       0  rtexit2.o(.ARM.Collect$$rtexit$$00000002)
    __rt_exit_exit                           0x000001c4   ARM Code       0  rtexit2.o(.ARM.Collect$$rtexit$$00000004)
    __user_initial_stackheap                 0x000001cc   ARM Code       0  w90p710.o(.text)
    _maybe_terminate_alloc                   0x000001cd   Thumb Code     0  maybetermalloc1.o(.emb_text)
    GLCD_init                                0x00000234   ARM Code     628  glcd.o(.text)
    GLCD_bitmap                              0x000004a8   ARM Code     136  glcd.o(.text)
    main                                     0x00000578   ARM Code     648  lcd.o(.text)
    IRQ_Handler                              0x00000830   ARM Code     200  irq.o(.text)
    Inline ARM to Thumb Veneer to malloc     0x0000090c   ARM Code       8  h1_alloc.o(.text)
    malloc                                   0x00000915   Thumb Code   110  h1_alloc.o(.text)
    __aeabi_memset                           0x00000984   ARM Code      16  aeabi_memset.o(.text)
    __use_two_region_memory                  0x00000995   Thumb Code     2  heapauxi.o(.text)
    __rt_heap_escrow                         0x00000997   Thumb Code     2  heapauxi.o(.text)
    __rt_heap_expand                         0x00000999   Thumb Code     2  heapauxi.o(.text)
    Inline Thumb to ARM Veneer to __rt_heap_descriptor 0x0000099d   Thumb Code     4  rt_heap_descriptor_intlibspace.o(.text)
    __rt_heap_descriptor                     0x000009a0   ARM Code      12  rt_heap_descriptor_intlibspace.o(.text)
    __use_no_heap                            0x000009ad   Thumb Code     2  hguard.o(.text)
    __heap$guard                             0x000009af   Thumb Code     2  hguard.o(.text)
    _terminate_user_alloc                    0x000009b1   Thumb Code     2  init_alloc.o(.text)
    _init_user_alloc                         0x000009b3   Thumb Code     2  init_alloc.o(.text)
    __Heap_Full                              0x000009b5   Thumb Code    36  init_alloc.o(.text)
    __Heap_Broken                            0x000009d9   Thumb Code    14  init_alloc.o(.text)
    _init_alloc                              0x000009e7   Thumb Code    94  init_alloc.o(.text)
    __Heap_Initialize                        0x00000a45   Thumb Code    10  h1_init.o(.text)
    __Heap_DescSize                          0x00000a4f   Thumb Code     4  h1_init.o(.text)
    free                                     0x00000a53   Thumb Code    84  h1_free.o(.text)
    __aeabi_memclr                           0x00000aa8   ARM Code       0  rt_memclr.o(.text)
    __rt_memclr                              0x00000aa8   ARM Code      64  rt_memclr.o(.text)
    _memset                                  0x00000aac   ARM Code       0  rt_memclr.o(.text)
    __user_libspace                          0x00000ae8   ARM Code      12  libspace.o(.text)
    __user_perproc_libspace                  0x00000ae8   ARM Code       0  libspace.o(.text)
    __user_perthread_libspace                0x00000ae8   ARM Code       0  libspace.o(.text)
    __Heap_ProvideMemory                     0x00000af5   Thumb Code    56  h1_extend.o(.text)
    __rt_SIGRTMEM                            0x00000b2d   Thumb Code    16  defsig_rtmem_outer.o(.text)
    __aeabi_memclr4                          0x00000b3c   ARM Code       0  rt_memclr_w.o(.text)
    __aeabi_memclr8                          0x00000b3c   ARM Code       0  rt_memclr_w.o(.text)
    __rt_memclr_w                            0x00000b3c   ARM Code      84  rt_memclr_w.o(.text)
    _memset_w                                0x00000b40   ARM Code       0  rt_memclr_w.o(.text)
    __I$use$semihosting                      0x00000b90   ARM Code       0  use_no_semi.o(.text)
    __use_no_semihosting_swi                 0x00000b90   ARM Code       4  use_no_semi.o(.text)
    __semihosting_library_function           0x00000b94   ARM Code       0  indicate_semi.o(.text)
    __user_setup_stackheap                   0x00000b94   ARM Code      96  sys_stackheap_outer.o(.text)
    exit                                     0x00000bf5   Thumb Code    12  exit.o(.text)
    __sig_exit                               0x00000c01   Thumb Code    16  defsig_exit.o(.text)
    __rt_SIGRTMEM_inner                      0x00000c11   Thumb Code    26  defsig_rtmem_inner.o(.text)
    Inline ARM to Thumb Veneer to _sys_exit  0x00000c64   ARM Code       8  sys_exit.o(.text)
    _sys_exit                                0x00000c6d   Thumb Code     8  sys_exit.o(.text)
    __default_signal_display                 0x00000c79   Thumb Code    56  defsig_general.o(.text)
    _ttywrch                                 0x00000cb1   Thumb Code    16  sys_wrch.o(.text)
    __rt_fp_status_addr                      0x00000cc0   ARM Code      12  rt_fp_status_addr_intlibspace.o(.text)
    Inline Thumb to ARM Veneer to _fp_init   0x00000ccd   Thumb Code     4  fpinit.o(x$fpl$fpinit)
    _fp_init                                 0x00000cd0   ARM Code      24  fpinit.o(x$fpl$fpinit)
    __fplib_config_pureend_doubles           0x00000ce0   ARM Code       0  fpinit.o(x$fpl$fpinit)
    led_mask                                 0x00000ce8   Data          32  lcd.o(.constdata)
    gImage_pic4                              0x00000d08   Data       153600  pic4.o(.constdata)
    gImage_pic1                              0x00026508   Data       153600  pic1.o(.constdata)
    gImage_pic2                              0x0004bd08   Data       153600  pic2.o(.constdata)
    gImage_pic3                              0x00071508   Data       153600  pic3.o(.constdata)
    gImage_pic7                              0x00096d08   Data       153600  pic7.o(.constdata)
    gImage_pic5                              0x000bc508   Data       153600  pic5.o(.constdata)
    gImage_pic6                              0x000e1d08   Data       153600  pic6.o(.constdata)
    Region$$Table$$Base                      0x00107508   Number         0  anon$$obj.o(Region$$Table)
    Region$$Table$$Limit                     0x00107528   Number         0  anon$$obj.o(Region$$Table)
    fb_start                                 0x00800000   Data           4  glcd.o(.data)
    ticks                                    0x00800004   Data           4  irq.o(.data)
    Clock100ms                               0x00800008   Data           1  irq.o(.data)
    Clock1s                                  0x00800009   Data           1  irq.o(.data)
    __libspace_start                         0x0080000c   Data          96  libspace.o(.bss)
    __temporary_stack_top$libspace           0x0080006c   Data           0  libspace.o(.bss)



==============================================================================

Memory Map of the image

  Image Entry point : 0x000000b4

  Load Region LR_ROM1 (Base: 0x00000000, Size: 0x00107534, Max: 0x00800000, ABSOLUTE)

    Execution Region ER_ROM1 (Base: 0x00000000, Size: 0x00107528, Max: 0x00800000, ABSOLUTE)

    Base Addr    Size         Type   Attr      Idx    E Section Name        Object

    0x00000000   0x000000b4   Code   RO            3    RESET               w90p710.o
    0x000000b4   0x00000008   Code   RO          203  * !!!main             c_t.l(__main.o)
    0x000000bc   0x0000003c   Code   RO          444    !!!scatter          c_t.l(__scatter.o)
    0x000000f8   0x00000028   Code   RO          446    !!handler_copy      c_t.l(__scatter_copy.o)
    0x00000120   0x0000002c   Code   RO          448    !!handler_zi        c_t.l(__scatter_zi.o)
    0x0000014c   0x00000008   Ven    RO          371    .ARM.Collect$$libinit$$00000000  c_t.l(libinit.o)
    0x00000154   0x00000006   Code   RO          371    .ARM.Collect$$libinit$$00000000  c_t.l(libinit.o)
    0x0000015a   0x00000008   Code   RO          261    .ARM.Collect$$libinit$$00000001  c_t.l(libinit2.o)
    0x00000162   0x00000000   Code   RO          263    .ARM.Collect$$libinit$$00000006  c_t.l(libinit2.o)
    0x00000162   0x00000000   Code   RO          265    .ARM.Collect$$libinit$$00000008  c_t.l(libinit2.o)
    0x00000162   0x00000000   Code   RO          267    .ARM.Collect$$libinit$$0000000A  c_t.l(libinit2.o)
    0x00000162   0x00000000   Code   RO          270    .ARM.Collect$$libinit$$0000000D  c_t.l(libinit2.o)
    0x00000162   0x00000000   Code   RO          272    .ARM.Collect$$libinit$$0000000F  c_t.l(libinit2.o)
    0x00000162   0x00000000   Code   RO          274    .ARM.Collect$$libinit$$00000011  c_t.l(libinit2.o)
    0x00000162   0x00000000   Code   RO          276    .ARM.Collect$$libinit$$00000013  c_t.l(libinit2.o)
    0x00000162   0x00000000   Code   RO          278    .ARM.Collect$$libinit$$00000015  c_t.l(libinit2.o)
    0x00000162   0x00000000   Code   RO          280    .ARM.Collect$$libinit$$00000017  c_t.l(libinit2.o)
    0x00000162   0x00000000   Code   RO          282    .ARM.Collect$$libinit$$00000019  c_t.l(libinit2.o)
    0x00000162   0x00000000   Code   RO          284    .ARM.Collect$$libinit$$0000001B  c_t.l(libinit2.o)
    0x00000162   0x00000000   Code   RO          286    .ARM.Collect$$libinit$$0000001D  c_t.l(libinit2.o)
    0x00000162   0x00000000   Code   RO          288    .ARM.Collect$$libinit$$0000001F  c_t.l(libinit2.o)
    0x00000162   0x00000000   Code   RO          290    .ARM.Collect$$libinit$$00000021  c_t.l(libinit2.o)
    0x00000162   0x00000000   Code   RO          294    .ARM.Collect$$libinit$$00000028  c_t.l(libinit2.o)
    0x00000162   0x00000000   Code   RO          296    .ARM.Collect$$libinit$$0000002A  c_t.l(libinit2.o)
    0x00000162   0x00000000   Code   RO          298    .ARM.Collect$$libinit$$0000002C  c_t.l(libinit2.o)
    0x00000162   0x00000000   Code   RO          300    .ARM.Collect$$libinit$$0000002E  c_t.l(libinit2.o)
    0x00000162   0x0000000c   Code   RO          301    .ARM.Collect$$libinit$$0000002F  c_t.l(libinit2.o)
    0x0000016e   0x00000002   PAD
    0x00000170   0x00000008   Ven    RO          441    .ARM.Collect$$libshutdown$$00000000  c_t.l(libshutdown.o)
    0x00000178   0x00000004   Code   RO          441    .ARM.Collect$$libshutdown$$00000000  c_t.l(libshutdown.o)
    0x0000017c   0x00000000   Code   RO          392    .ARM.Collect$$libshutdown$$00000003  c_t.l(libshutdown2.o)
    0x0000017c   0x00000000   Code   RO          395    .ARM.Collect$$libshutdown$$00000006  c_t.l(libshutdown2.o)
    0x0000017c   0x00000000   Code   RO          398    .ARM.Collect$$libshutdown$$00000009  c_t.l(libshutdown2.o)
    0x0000017c   0x00000000   Code   RO          400    .ARM.Collect$$libshutdown$$0000000B  c_t.l(libshutdown2.o)
    0x0000017c   0x00000000   Code   RO          403    .ARM.Collect$$libshutdown$$0000000E  c_t.l(libshutdown2.o)
    0x0000017c   0x00000006   Code   RO          404    .ARM.Collect$$libshutdown$$0000000F  c_t.l(libshutdown2.o)
    0x00000182   0x00000002   PAD
    0x00000184   0x00000000   Code   RO          207    .ARM.Collect$$rtentry$$00000000  c_t.l(rtentry.o)
    0x00000184   0x00000000   Code   RO          308    .ARM.Collect$$rtentry$$00000002  c_t.l(rtentry2.o)
    0x00000184   0x00000008   Code   RO          320    .ARM.Collect$$rtentry$$00000004  c_t.l(rtentry4.o)
    0x0000018c   0x00000000   Code   RO          310    .ARM.Collect$$rtentry$$00000009  c_t.l(rtentry2.o)
    0x0000018c   0x00000004   Code   RO          311    .ARM.Collect$$rtentry$$0000000A  c_t.l(rtentry2.o)
    0x00000190   0x00000000   Code   RO          313    .ARM.Collect$$rtentry$$0000000C  c_t.l(rtentry2.o)
    0x00000190   0x00000028   Code   RO          314    .ARM.Collect$$rtentry$$0000000D  c_t.l(rtentry2.o)
    0x000001b8   0x00000004   Ven    RO          374    .ARM.Collect$$rtexit$$00000000  c_t.l(rtexit.o)
    0x000001bc   0x00000004   Code   RO          374    .ARM.Collect$$rtexit$$00000000  c_t.l(rtexit.o)
    0x000001c0   0x00000000   Code   RO          410    .ARM.Collect$$rtexit$$00000002  c_t.l(rtexit2.o)
    0x000001c0   0x00000004   Code   RO          411    .ARM.Collect$$rtexit$$00000003  c_t.l(rtexit2.o)
    0x000001c4   0x00000008   Code   RO          412    .ARM.Collect$$rtexit$$00000004  c_t.l(rtexit2.o)
    0x000001cc   0x00000000   Code   RO          328    .emb_text           c_t.l(maybetermalloc1.o)
    0x000001cc   0x00000024   Code   RO            4    .text               w90p710.o
    0x000001f0   0x00000388   Code   RO           12    .text               glcd.o
    0x00000578   0x000002b8   Code   RO           43    .text               lcd.o
    0x00000830   0x000000dc   Code   RO           73    .text               irq.o
    0x0000090c   0x00000008   Ven    RO          141    .text               c_t.l(h1_alloc.o)
    0x00000914   0x0000006e   Code   RO          141    .text               c_t.l(h1_alloc.o)
    0x00000982   0x00000002   PAD
    0x00000984   0x00000010   Code   RO          199    .text               c_t.l(aeabi_memset.o)
    0x00000994   0x00000006   Code   RO          201    .text               c_t.l(heapauxi.o)
    0x0000099a   0x00000002   PAD
    0x0000099c   0x00000004   Ven    RO          211    .text               c_t.l(rt_heap_descriptor_intlibspace.o)
    0x000009a0   0x0000000c   Code   RO          211    .text               c_t.l(rt_heap_descriptor_intlibspace.o)
    0x000009ac   0x00000004   Code   RO          213    .text               c_t.l(hguard.o)
    0x000009b0   0x00000094   Code   RO          215    .text               c_t.l(init_alloc.o)
    0x00000a44   0x0000000e   Code   RO          221    .text               c_t.l(h1_init.o)
    0x00000a52   0x00000054   Code   RO          223    .text               c_t.l(h1_free.o)
    0x00000aa6   0x00000002   PAD
    0x00000aa8   0x00000040   Code   RO          241    .text               c_t.l(rt_memclr.o)
    0x00000ae8   0x0000000c   Code   RO          304    .text               c_t.l(libspace.o)
    0x00000af4   0x00000038   Code   RO          330    .text               c_t.l(h1_extend.o)
    0x00000b2c   0x00000010   Code   RO          334    .text               c_t.l(defsig_rtmem_outer.o)
    0x00000b3c   0x00000054   Code   RO          338    .text               c_t.l(rt_memclr_w.o)
    0x00000b90   0x00000004   Code   RO          345    .text               c_t.l(use_no_semi.o)
    0x00000b94   0x00000000   Code   RO          347    .text               c_t.l(indicate_semi.o)
    0x00000b94   0x00000060   Code   RO          348    .text               c_t.l(sys_stackheap_outer.o)
    0x00000bf4   0x0000000c   Code   RO          356    .text               c_t.l(exit.o)
    0x00000c00   0x00000010   Code   RO          358    .text               c_t.l(defsig_exit.o)
    0x00000c10   0x00000054   Code   RO          360    .text               c_t.l(defsig_rtmem_inner.o)
    0x00000c64   0x00000008   Ven    RO          372    .text               c_t.l(sys_exit.o)
    0x00000c6c   0x0000000c   Code   RO          372    .text               c_t.l(sys_exit.o)
    0x00000c78   0x00000038   Code   RO          384    .text               c_t.l(defsig_general.o)
    0x00000cb0   0x00000010   Code   RO          407    .text               c_t.l(sys_wrch.o)
    0x00000cc0   0x0000000c   Code   RO          419    .text               c_t.l(rt_fp_status_addr_intlibspace.o)
    0x00000ccc   0x00000004   Ven    RO          405    x$fpl$fpinit        fz_ts.l(fpinit.o)
    0x00000cd0   0x00000018   Code   RO          405    x$fpl$fpinit        fz_ts.l(fpinit.o)
    0x00000ce8   0x00000020   Data   RO           44    .constdata          lcd.o
    0x00000d08   0x00025800   Data   RO           88    .constdata          pic4.o
    0x00026508   0x00025800   Data   RO           95    .constdata          pic1.o
    0x0004bd08   0x00025800   Data   RO          102    .constdata          pic2.o
    0x00071508   0x00025800   Data   RO          109    .constdata          pic3.o
    0x00096d08   0x00025800   Data   RO          116    .constdata          pic7.o
    0x000bc508   0x00025800   Data   RO          123    .constdata          pic5.o
    0x000e1d08   0x00025800   Data   RO          130    .constdata          pic6.o
    0x00107508   0x00000020   Data   RO          442    Region$$Table       anon$$obj.o


    Execution Region RW_RAM1 (Base: 0x00800000, Size: 0x000804f8, Max: 0x00800000, ABSOLUTE)

    Base Addr    Size         Type   Attr      Idx    E Section Name        Object

    0x00800000   0x00000004   Data   RW           13    .data               glcd.o
    0x00800004   0x00000006   Data   RW           74    .data               irq.o
    0x0080000a   0x00000002   PAD
    0x0080000c   0x00000060   Zero   RW          305    .bss                c_t.l(libspace.o)
    0x0080006c   0x00000004   PAD
    0x00800070   0x00080000   Zero   RW            2    HEAP                w90p710.o
    0x00880070   0x00000488   Zero   RW            1    STACK               w90p710.o


==============================================================================

Image component sizes


      Code (inc. data)   RO Data    RW Data    ZI Data      Debug   Object Name

       904         72          0          4          0       2967   glcd.o
       220         20          0          6          0        685   irq.o
       696         48         32          0          0       1728   lcd.o
         0          0     153600          0          0        306   pic1.o
         0          0     153600          0          0        306   pic2.o
         0          0     153600          0          0        306   pic3.o
         0          0     153600          0          0        306   pic4.o
         0          0     153600          0          0        306   pic5.o
         0          0     153600          0          0        306   pic6.o
         0          0     153600          0          0        306   pic7.o
       216         56          0          0     525448        608   w90p710.o

    ----------------------------------------------------------------------
      2036        196    1075264         12     525448       8130   Object Totals
         0          0         32          0          0          0   (incl. Generated)
         0          0          0          2          0          0   (incl. Padding)

    ----------------------------------------------------------------------

      Code (inc. data)   RO Data    RW Data    ZI Data      Debug   Library Member Name

         8          0          0          0          0         68   __main.o
        60          8          0          0          0          0   __scatter.o
        40          0          0          0          0          0   __scatter_copy.o
        44          0          0          0          0          0   __scatter_zi.o
        16          0          0          0          0         68   aeabi_memset.o
        16          0          0          0          0         80   defsig_exit.o
        56          0          0          0          0         84   defsig_general.o
        84         58          0          0          0         80   defsig_rtmem_inner.o
        16          0          0          0          0         80   defsig_rtmem_outer.o
        12          0          0          0          0         64   exit.o
       118          0          0          0          0        116   h1_alloc.o
        56          0          0          0          0         80   h1_extend.o
        84          0          0          0          0        100   h1_free.o
        14          0          0          0          0         76   h1_init.o
         6          0          0          0          0        136   heapauxi.o
         4          0          0          0          0        120   hguard.o
         0          0          0          0          0          0   indicate_semi.o
       148          0          0          0          0        192   init_alloc.o
        14          0          0          0          0          0   libinit.o
        20          0          0          0          0          0   libinit2.o
        12          0          0          0          0          0   libshutdown.o
         6          0          0          0          0          0   libshutdown2.o
        12          4          0          0         96         68   libspace.o
         0          0          0          0          0          0   maybetermalloc1.o
        12          4          0          0          0         68   rt_fp_status_addr_intlibspace.o
        16          4          0          0          0         68   rt_heap_descriptor_intlibspace.o
        64          0          0          0          0         68   rt_memclr.o
        84          0          0          0          0         80   rt_memclr_w.o
         0          0          0          0          0          0   rtentry.o
        44          4          0          0          0          0   rtentry2.o
         8          0          0          0          0          0   rtentry4.o
         8          0          0          0          0          0   rtexit.o
        12          0          0          0          0          0   rtexit2.o
        20          4          0          0          0         60   sys_exit.o
        96          0          0          0          0         80   sys_stackheap_outer.o
        16          0          0          0          0         76   sys_wrch.o
         4          0          0          0          0         68   use_no_semi.o
        28          0          0          0          0         80   fpinit.o

    ----------------------------------------------------------------------
      1268         86          0          0        100       2060   Library Totals
        10          0          0          0          4          0   (incl. Padding)

    ----------------------------------------------------------------------

      Code (inc. data)   RO Data    RW Data    ZI Data      Debug   Library Name

      1230         86          0          0         96       1980   c_t.l
        28          0          0          0          0         80   fz_ts.l

    ----------------------------------------------------------------------
      1268         86          0          0        100       2060   Library Totals

    ----------------------------------------------------------------------

==============================================================================


      Code (inc. data)   RO Data    RW Data    ZI Data      Debug   

      3304        282    1075264         12     525548       9002   Grand Totals
      3304        282    1075264         12     525548       9002   ELF Image Totals
      3304        282    1075264         12          0          0   ROM Totals

==============================================================================

    Total RO  Size (Code + RO Data)              1078568 (1053.29kB)
    Total RW  Size (RW Data + ZI Data)            525560 ( 513.24kB)
    Total ROM Size (Code + RO Data + RW Data)    1078580 (1053.30kB)

==============================================================================

