


78K0R Linker W1.70                            Date:22 Jul 2019 Page:   1

Command:   -yC:\Program Files (x86)\Renesas Electronics\CubeSuite+\Devic
           e\RL78\Devicefile -_msgoff -oDefaultBuild\Sample_LCD_100LG.lm
           f -gi00000000000000000000h -go84h,1FE00h,512 -gb0FFFFE9H -mi0
            -s -pDefaultBuild\Sample_LCD_100LG.map C:\Program Files (x86
           )\Renesas Electronics\CubeSuite+\CA78K0R\V1.60\lib78k0r\s0rll
           .rel DefaultBuild\r_cg_wdt_user.rel DefaultBuild\r_main.rel D
           efaultBuild\r_systeminit.rel DefaultBuild\r_cg_cgc.rel Defaul
           tBuild\r_cg_cgc_user.rel DefaultBuild\r_cg_lcd.rel DefaultBui
           ld\r_cg_port.rel DefaultBuild\r_cg_port_user.rel DefaultBuild
           \r_cg_timer.rel DefaultBuild\r_cg_timer_user.rel DefaultBuild
           \r_cg_wdt.rel -bcl0ram.lib -bcl0rm.lib -bcl0rmf.lib -iC:\Prog
           ram Files (x86)\Renesas Electronics\CubeSuite+\CA78K0R\V1.60\
           lib78k0r
Para-file:
Out-file:  DefaultBuild\Sample_LCD_100LG.lmf
Map-file:  DefaultBuild\Sample_LCD_100LG.map
Direc-file:
Directive:


*** Link information ***

    36 output segment(s)
  D15H byte(s) real data
   570 symbol(s) defined


*** Memory map ***


  SPACE=REGULAR

  MEMORY=ROM
  BASE ADDRESS=00000H   SIZE=10000H
         OUTPUT   INPUT    INPUT      BASE      SIZE
         SEGMENT  SEGMENT  MODULE     ADDRESS
         @@VECT00                     00000H    00002H  CSEG AT
                  @@VECT00 @cstart    00000H    00002H
         @@CNSTL                      00002H    00000H  CSEG PAGE64KP
                  @@CNSTL  @cstart    00002H    00000H
         @@CNSTL                      00002H    00000H  CSEG PAGE64KP
                  @@CNSTL  r_cg_wdt_user
                                      00002H    00000H
         @@CNSTL                      00002H    00000H  CSEG PAGE64KP
                  @@CNSTL  r_main     00002H    00000H
         @@CNSTL                      00002H    00000H  CSEG PAGE64KP
                  @@CNSTL  r_systeminit
                                      00002H    00000H
         @@CNSTL                      00002H    00000H  CSEG PAGE64KP
                  @@CNSTL  r_cg_cgc   00002H    00000H
         @@CNSTL                      00002H    00000H  CSEG PAGE64KP
                  @@CNSTL  r_cg_cgc_user
                                      00002H    00000H
         @@CNSTL                      00002H    00000H  CSEG PAGE64KP
                  @@CNSTL  r_cg_lcd   00002H    00000H
         @@CNSTL                      00002H    00000H  CSEG PAGE64KP
                  @@CNSTL  r_cg_port
                                      00002H    00000H
         @@CNSTL                      00002H    00000H  CSEG PAGE64KP
                  @@CNSTL  r_cg_port_user
                                      00002H    00000H
         @@CNSTL                      00002H    00000H  CSEG PAGE64KP
                  @@CNSTL  r_cg_timer
                                      00002H    00000H
         @@CNSTL                      00002H    00000H  CSEG PAGE64KP
                  @@CNSTL  r_cg_timer_user
                                      00002H    00000H
         @@CNSTL                      00002H    00000H  CSEG PAGE64KP
                  @@CNSTL  r_cg_wdt   00002H    00000H
         @@RLINIT                     00002H    00000H  CSEG UNIT64KP
                  @@RLINIT @cstart    00002H    00000H
                  @@RLINIT r_cg_wdt_user
                                      00002H    00000H
                  @@RLINIT r_main     00002H    00000H
                  @@RLINIT r_systeminit
                                      00002H    00000H
                  @@RLINIT r_cg_cgc   00002H    00000H
                  @@RLINIT r_cg_cgc_user
                                      00002H    00000H
                  @@RLINIT r_cg_lcd   00002H    00000H
                  @@RLINIT r_cg_port
                                      00002H    00000H
                  @@RLINIT r_cg_port_user
                                      00002H    00000H
                  @@RLINIT r_cg_timer
                                      00002H    00000H
                  @@RLINIT r_cg_timer_user
                                      00002H    00000H
                  @@RLINIT r_cg_wdt   00002H    00000H
                  @@RLINIT @rom       00002H    00000H
         @@R_INIS                     00002H    00000H  CSEG UNIT64KP
                  @@R_INIS @cstart    00002H    00000H
                  @@R_INIS r_cg_wdt_user
                                      00002H    00000H
                  @@R_INIS r_main     00002H    00000H
                  @@R_INIS r_systeminit
                                      00002H    00000H
                  @@R_INIS r_cg_cgc   00002H    00000H
                  @@R_INIS r_cg_cgc_user
                                      00002H    00000H
                  @@R_INIS r_cg_lcd   00002H    00000H
                  @@R_INIS r_cg_port
                                      00002H    00000H
                  @@R_INIS r_cg_port_user
                                      00002H    00000H
                  @@R_INIS r_cg_timer
                                      00002H    00000H
                  @@R_INIS r_cg_timer_user
                                      00002H    00000H
                  @@R_INIS r_cg_wdt   00002H    00000H
                  @@R_INIS @rom       00002H    00000H
         @@CALT                       00002H    00000H  CSEG
                  @@CALT   @cstart    00002H    00000H
                  @@CALT   r_cg_wdt_user
                                      00002H    00000H
                  @@CALT   r_main     00002H    00000H
                  @@CALT   r_systeminit
                                      00002H    00000H
                  @@CALT   r_cg_cgc   00002H    00000H
                  @@CALT   r_cg_cgc_user
                                      00002H    00000H
                  @@CALT   r_cg_lcd   00002H    00000H
                  @@CALT   r_cg_port
                                      00002H    00000H
                  @@CALT   r_cg_port_user
                                      00002H    00000H
                  @@CALT   r_cg_timer
                                      00002H    00000H
                  @@CALT   r_cg_timer_user
                                      00002H    00000H
                  @@CALT   r_cg_wdt   00002H    00000H
         ??NMIROM                     00002H    00002H  CSEG
         @@VECT04                     00004H    00002H  CSEG AT
                  @@VECT04 r_cg_wdt_user
                                      00004H    00002H
* gap *                               00006H    00026H
         @@VECT2C                     0002CH    00002H  CSEG AT
                  @@VECT2C r_cg_timer_user
                                      0002CH    00002H
* gap *                               0002EH    00092H
         ?CSEGOB0                     000C0H    00004H  CSEG OPT_BYTE
         @@CODE                       000C4H    00000H  CSEG BASE
                  @@CODE   r_cg_wdt_user
                                      000C4H    00000H
                  @@CODE   r_main     000C4H    00000H
                  @@CODE   r_systeminit
                                      000C4H    00000H
                  @@CODE   r_cg_cgc   000C4H    00000H
                  @@CODE   r_cg_cgc_user
                                      000C4H    00000H
                  @@CODE   r_cg_lcd   000C4H    00000H
                  @@CODE   r_cg_port
                                      000C4H    00000H
                  @@CODE   r_cg_port_user
                                      000C4H    00000H
                  @@CODE   r_cg_timer
                                      000C4H    00000H
                  @@CODE   r_cg_timer_user
                                      000C4H    00000H
                  @@CODE   r_cg_wdt   000C4H    00000H
         ?CSEGSI                      000C4H    0000AH  CSEG
         ?OCDSTAD                     000CEH    0000AH  CSEG
         @@LCODE                      000D8H    000ADH  CSEG BASE
                  @@LCODE  @cstart    000D8H    000ADH
         @@BASE                       00185H    00004H  CSEG BASE
                  @@BASE   r_cg_wdt_user
                                      00185H    00002H
                  @@BASE   r_main     00187H    00000H
                  @@BASE   r_systeminit
                                      00187H    00000H
                  @@BASE   r_cg_cgc   00187H    00000H
                  @@BASE   r_cg_cgc_user
                                      00187H    00000H
                  @@BASE   r_cg_lcd   00187H    00000H
                  @@BASE   r_cg_port
                                      00187H    00000H
                  @@BASE   r_cg_port_user
                                      00187H    00000H
                  @@BASE   r_cg_timer
                                      00187H    00000H
                  @@BASE   r_cg_timer_user
                                      00187H    00002H
                  @@BASE   r_cg_wdt   00189H    00000H
* gap *                               00189H    00001H
         @@R_INIT                     0018AH    00402H  CSEG UNIT64KP
                  @@R_INIT @cstart    0018AH    00000H
                  @@R_INIT r_cg_wdt_user
                                      0018AH    00000H
                  @@R_INIT r_main     0018AH    00002H
                  @@R_INIT r_systeminit
                                      0018CH    00000H
                  @@R_INIT r_cg_cgc   0018CH    00000H
                  @@R_INIT r_cg_cgc_user
                                      0018CH    00000H
                  @@R_INIT r_cg_lcd   0018CH    00400H
                  @@R_INIT r_cg_port
                                      0058CH    00000H
                  @@R_INIT r_cg_port_user
                                      0058CH    00000H
                  @@R_INIT r_cg_timer
                                      0058CH    00000H
                  @@R_INIT r_cg_timer_user
                                      0058CH    00000H
                  @@R_INIT r_cg_wdt   0058CH    00000H
                  @@R_INIT @rom       0058CH    00000H
         @@CODEL                      0058CH    0078AH  CSEG
                  @@CODEL  r_cg_wdt_user
                                      0058CH    00000H
                  @@CODEL  r_main     0058CH    00199H
                  @@CODEL  r_systeminit
                                      00725H    0001CH
                  @@CODEL  r_cg_cgc   00741H    0002FH
                  @@CODEL  r_cg_cgc_user
                                      00770H    0000CH
                  @@CODEL  r_cg_lcd   0077CH    004F6H
                  @@CODEL  r_cg_port
                                      00C72H    00017H
                  @@CODEL  r_cg_port_user
                                      00C89H    00000H
                  @@CODEL  r_cg_timer
                                      00C89H    00079H
                  @@CODEL  r_cg_timer_user
                                      00D02H    00000H
                  @@CODEL  r_cg_wdt   00D02H    00014H
         @@LCODEL                     00D16H    00060H  CSEG
                  @@LCODEL @stkinit   00D16H    00044H
                  @@LCODEL exit       00D5AH    0001CH
* gap *                               00D76H    0228AH
         @@CNST                       03000H    00058H  CSEG MIRRORP
                  @@CNST   @cstart    03000H    00000H
                  @@CNST   r_cg_wdt_user
                                      03000H    00000H
                  @@CNST   r_main     03000H    00058H
                  @@CNST   r_systeminit
                                      03058H    00000H
                  @@CNST   r_cg_cgc   03058H    00000H
                  @@CNST   r_cg_cgc_user
                                      03058H    00000H
                  @@CNST   r_cg_lcd   03058H    00000H
                  @@CNST   r_cg_port
                                      03058H    00000H
                  @@CNST   r_cg_port_user
                                      03058H    00000H
                  @@CNST   r_cg_timer
                                      03058H    00000H
                  @@CNST   r_cg_timer_user
                                      03058H    00000H
                  @@CNST   r_cg_wdt   03058H    00000H
* gap *                               03058H    0CFA8H

  MEMORY=RAM
  BASE ADDRESS=FCF00H   SIZE=03100H
         OUTPUT   INPUT    INPUT      BASE      SIZE
         SEGMENT  SEGMENT  MODULE     ADDRESS
         @@DATA                       FCF00H    000BCH  DSEG BASEP
                  @@DATA   @cstart    FCF00H    000BAH
                  @@DATA   r_cg_wdt_user
                                      FCFBAH    00000H
                  @@DATA   r_main     FCFBAH    00002H
                  @@DATA   r_systeminit
                                      FCFBCH    00000H
                  @@DATA   r_cg_cgc   FCFBCH    00000H
                  @@DATA   r_cg_cgc_user
                                      FCFBCH    00000H
                  @@DATA   r_cg_lcd   FCFBCH    00000H
                  @@DATA   r_cg_port
                                      FCFBCH    00000H
                  @@DATA   r_cg_port_user
                                      FCFBCH    00000H
                  @@DATA   r_cg_timer
                                      FCFBCH    00000H
                  @@DATA   r_cg_timer_user
                                      FCFBCH    00000H
                  @@DATA   r_cg_wdt   FCFBCH    00000H
                  @@DATA   @rom       FCFBCH    00000H
         @@INIT                       FCFBCH    00402H  DSEG BASEP
                  @@INIT   @cstart    FCFBCH    00000H
                  @@INIT   r_cg_wdt_user
                                      FCFBCH    00000H
                  @@INIT   r_main     FCFBCH    00002H
                  @@INIT   r_systeminit
                                      FCFBEH    00000H
                  @@INIT   r_cg_cgc   FCFBEH    00000H
                  @@INIT   r_cg_cgc_user
                                      FCFBEH    00000H
                  @@INIT   r_cg_lcd   FCFBEH    00400H
                  @@INIT   r_cg_port
                                      FD3BEH    00000H
                  @@INIT   r_cg_port_user
                                      FD3BEH    00000H
                  @@INIT   r_cg_timer
                                      FD3BEH    00000H
                  @@INIT   r_cg_timer_user
                                      FD3BEH    00000H
                  @@INIT   r_cg_wdt   FD3BEH    00000H
                  @@INIT   @rom       FD3BEH    00000H
         @@INIS                       FD3BEH    00000H  DSEG UNITP
                  @@INIS   @cstart    FD3BEH    00000H
                  @@INIS   r_cg_wdt_user
                                      FD3BEH    00000H
                  @@INIS   r_main     FD3BEH    00000H
                  @@INIS   r_systeminit
                                      FD3BEH    00000H
                  @@INIS   r_cg_cgc   FD3BEH    00000H
                  @@INIS   r_cg_cgc_user
                                      FD3BEH    00000H
                  @@INIS   r_cg_lcd   FD3BEH    00000H
                  @@INIS   r_cg_port
                                      FD3BEH    00000H
                  @@INIS   r_cg_port_user
                                      FD3BEH    00000H
                  @@INIS   r_cg_timer
                                      FD3BEH    00000H
                  @@INIS   r_cg_timer_user
                                      FD3BEH    00000H
                  @@INIS   r_cg_wdt   FD3BEH    00000H
                  @@INIS   @rom       FD3BEH    00000H
         @@DATS                       FD3BEH    00000H  DSEG UNITP
                  @@DATS   @cstart    FD3BEH    00000H
                  @@DATS   r_cg_wdt_user
                                      FD3BEH    00000H
                  @@DATS   r_main     FD3BEH    00000H
                  @@DATS   r_systeminit
                                      FD3BEH    00000H
                  @@DATS   r_cg_cgc   FD3BEH    00000H
                  @@DATS   r_cg_cgc_user
                                      FD3BEH    00000H
                  @@DATS   r_cg_lcd   FD3BEH    00000H
                  @@DATS   r_cg_port
                                      FD3BEH    00000H
                  @@DATS   r_cg_port_user
                                      FD3BEH    00000H
                  @@DATS   r_cg_timer
                                      FD3BEH    00000H
                  @@DATS   r_cg_timer_user
                                      FD3BEH    00000H
                  @@DATS   r_cg_wdt   FD3BEH    00000H
                  @@DATS   @rom       FD3BEH    00000H
         @@INITL                      FD3BEH    00000H  DSEG UNIT64KP
                  @@INITL  @cstart    FD3BEH    00000H
                  @@INITL  r_cg_wdt_user
                                      FD3BEH    00000H
                  @@INITL  r_main     FD3BEH    00000H
                  @@INITL  r_systeminit
                                      FD3BEH    00000H
                  @@INITL  r_cg_cgc   FD3BEH    00000H
                  @@INITL  r_cg_cgc_user
                                      FD3BEH    00000H
                  @@INITL  r_cg_lcd   FD3BEH    00000H
                  @@INITL  r_cg_port
                                      FD3BEH    00000H
                  @@INITL  r_cg_port_user
                                      FD3BEH    00000H
                  @@INITL  r_cg_timer
                                      FD3BEH    00000H
                  @@INITL  r_cg_timer_user
                                      FD3BEH    00000H
                  @@INITL  r_cg_wdt   FD3BEH    00000H
                  @@INITL  @rom       FD3BEH    00000H
         @@DATAL                      FD3BEH    00000H  DSEG UNIT64KP
                  @@DATAL  @cstart    FD3BEH    00000H
                  @@DATAL  r_cg_wdt_user
                                      FD3BEH    00000H
                  @@DATAL  r_main     FD3BEH    00000H
                  @@DATAL  r_systeminit
                                      FD3BEH    00000H
                  @@DATAL  r_cg_cgc   FD3BEH    00000H
                  @@DATAL  r_cg_cgc_user
                                      FD3BEH    00000H
                  @@DATAL  r_cg_lcd   FD3BEH    00000H
                  @@DATAL  r_cg_port
                                      FD3BEH    00000H
                  @@DATAL  r_cg_port_user
                                      FD3BEH    00000H
                  @@DATAL  r_cg_timer
                                      FD3BEH    00000H
                  @@DATAL  r_cg_timer_user
                                      FD3BEH    00000H
                  @@DATAL  r_cg_wdt   FD3BEH    00000H
                  @@DATAL  @rom       FD3BEH    00000H
         @@BITS                       FD3BEH    00000H  BSEG
                  @@BITS   @cstart    FD3BEH.0  00000H.0
                  @@BITS   r_cg_wdt_user
                                      FD3BEH.0  00000H.0
                  @@BITS   r_main     FD3BEH.0  00000H.0
                  @@BITS   r_systeminit
                                      FD3BEH.0  00000H.0
                  @@BITS   r_cg_cgc   FD3BEH.0  00000H.0
                  @@BITS   r_cg_cgc_user
                                      FD3BEH.0  00000H.0
                  @@BITS   r_cg_lcd   FD3BEH.0  00000H.0
                  @@BITS   r_cg_port
                                      FD3BEH.0  00000H.0
                  @@BITS   r_cg_port_user
                                      FD3BEH.0  00000H.0
                  @@BITS   r_cg_timer
                                      FD3BEH.0  00000H.0
                  @@BITS   r_cg_timer_user
                                      FD3BEH.0  00000H.0
                  @@BITS   r_cg_wdt   FD3BEH.0  00000H.0
* gap *                               FD3BEH    02B42H
* gap (Not Free Area) *               FFF00H    00100H


 Target chip : R5F100LG
 Device file : V1.12
