<html>
<body>
<pre>
<h1>µVision Build Log</h1>
<h2>Project:</h2>
C:\Users\Administrator\Desktop\RZH\lab6\sample\sample.uvproj
Project File Date:  12/06/2019

<h2>Output:</h2>
compiling main.c...
main.c(14): warning:  #1-D: last line of file ends without a newline
main.c - 0 Error(s), 1 Warning(s).
Build target 'Target 1'
assembling W90P710.s...
linking...
Program Size: Code=860 RO-data=16 RW-data=0 ZI-data=1256  
"sample.axf" - 0 Error(s), 0 Warning(s).
Build target 'Target 1'
assembling W90P710.s...
compiling main.c...
main.c(14): warning:  #1-D: last line of file ends without a newline
linking...
Program Size: Code=860 RO-data=16 RW-data=0 ZI-data=1256  
"sample.axf" - 0 Error(s), 1 Warning(s).
Build target 'Target 1'
assembling W90P710.s...
compiling main.c...
main.c(14): warning:  #1-D: last line of file ends without a newline
linking...
Program Size: Code=860 RO-data=16 RW-data=0 ZI-data=1256  
FromELF: creating hex file...
"sample.axf" - 0 Error(s), 1 Warning(s).
