<html>
<body>
<pre>
<h1>µVision Build Log</h1>
<h2>Project:</h2>
C:\Users\Administrator\Desktop\RZH\lab6\∂ØÃ¨Õº∆¨œ‘ æ2\lcd.uvproj
Project File Date:  12/18/2019

<h2>Output:</h2>
Build target 'Target 1'
assembling W90P710.s...
compiling GLCD.c...
compiling lcd.c...
lcd.c(81): error:  #20: identifier "gImage_pic1" is undefined
compiling Background.c...
compiling ARM_Ani.c...
compiling IRQ.c...
compiling bz001.c...
compiling bz002.c...
compiling bz003.c...
compiling bz004.c...
compiling bz005.c...
compiling bz006.c...
compiling bz007.c...
compiling bz008.c...
compiling bz009.c...
compiling bz010.c...
compiling bz011.c...
compiling bz012.c...
compiling bz013.c...
compiling bz014.c...
compiling bz015.c...
compiling bz016.c...
compiling bz017.c...
compiling bz018.c...
compiling bz019.c...
Target not created
Build target 'Target 1'
assembling W90P710.s...
compiling GLCD.c...
compiling lcd.c...
compiling Background.c...
compiling ARM_Ani.c...
compiling IRQ.c...
compiling bz001.c...
compiling bz002.c...
compiling bz003.c...
compiling bz004.c...
compiling bz005.c...
compiling bz006.c...
compiling bz007.c...
compiling bz008.c...
compiling bz009.c...
compiling bz010.c...
compiling bz011.c...
compiling bz012.c...
compiling bz013.c...
compiling bz014.c...
compiling bz015.c...
compiling bz016.c...
compiling bz017.c...
compiling bz018.c...
compiling bz019.c...
linking...
Program Size: Code=3832 RO-data=2918464 RW-data=12 ZI-data=525548  
"lcd.axf" - 0 Error(s), 0 Warning(s).
Build target 'Target 1'
assembling W90P710.s...
compiling GLCD.c...
compiling lcd.c...
compiling Background.c...
compiling ARM_Ani.c...
compiling IRQ.c...
compiling bz001.c...
compiling bz002.c...
compiling bz003.c...
compiling bz004.c...
compiling bz005.c...
compiling bz006.c...
compiling bz007.c...
compiling bz008.c...
compiling bz009.c...
compiling bz010.c...
compiling bz011.c...
compiling bz012.c...
compiling bz013.c...
compiling bz014.c...
compiling bz015.c...
compiling bz016.c...
compiling bz017.c...
compiling bz018.c...
compiling bz019.c...
linking...
Program Size: Code=3832 RO-data=2918464 RW-data=12 ZI-data=525548  
"lcd.axf" - 0 Error(s), 0 Warning(s).
Build target 'Target 1'
assembling W90P710.s...
compiling GLCD.c...
compiling lcd.c...
compiling Background.c...
compiling ARM_Ani.c...
compiling IRQ.c...
compiling bz001.c...
compiling bz002.c...
compiling bz003.c...
compiling bz004.c...
compiling bz005.c...
compiling bz006.c...
compiling bz007.c...
compiling bz008.c...
compiling bz009.c...
compiling bz010.c...
compiling bz011.c...
compiling bz012.c...
compiling bz013.c...
compiling bz014.c...
compiling bz015.c...
compiling bz016.c...
compiling bz017.c...
compiling bz018.c...
compiling bz019.c...
linking...
Program Size: Code=3832 RO-data=2918464 RW-data=12 ZI-data=525548  
"lcd.axf" - 0 Error(s), 0 Warning(s).
Build target 'Target 1'
assembling W90P710.s...
compiling GLCD.c...
compiling lcd.c...
compiling Background.c...
compiling ARM_Ani.c...
compiling IRQ.c...
compiling bz001.c...
compiling bz002.c...
compiling bz003.c...
compiling bz004.c...
compiling bz005.c...
compiling bz006.c...
compiling bz007.c...
compiling bz008.c...
compiling bz009.c...
compiling bz010.c...
compiling bz011.c...
compiling bz012.c...
compiling bz013.c...
compiling bz014.c...
compiling bz015.c...
compiling bz016.c...
compiling bz017.c...
compiling bz018.c...
compiling bz019.c...
linking...
Program Size: Code=3832 RO-data=2918464 RW-data=12 ZI-data=525548  
"lcd.axf" - 0 Error(s), 0 Warning(s).
