C51 COMPILER V9.52.0.0   KEY                                                               07/20/2019 19:07:31 PAGE 1   


C51 COMPILER V9.52.0.0, COMPILATION OF MODULE KEY
OBJECT MODULE PLACED IN key.OBJ
COMPILER INVOKED BY: d:\Keil1\C51\BIN\C51.EXE key.c BROWSE DEBUG OBJECTEXTEND

line level    source

   1             #include <reg51.h>
   2          typedef unsigned char uint8;
   3          typedef unsigned int uint16;
   4          #define BUZZER() P3 ^= 0x01
   5          code uint8 LED_CODE[] = {0x3F,0x06,0x5B,0x4F,0x66,0x6D,0x7D,0x07,
   6          0x7F,0x6F,0x77,0x7C,0x39,0x5E,0x79,0x71};
   7          void delay(uint16 x)
   8          {
   9   1      uint16 i,j;
  10   1      for(i = x; i > 0; i --)
  11   1      for(j = 114; j > 0; j --); 
  12   1      }
  13          uint8 Pre_KeyNO = 16,KeyNO = 16;
  14          void Keys_Scan()
  15          {
  16   1      uint8 Tmp;
  17   1      P1 = 0x0f;
  18   1      delay(1);
  19   1      Tmp = P1 ^ 0x0f;//高4位输出，低4位输入
  20   1      switch(Tmp)
  21   1      {
  22   2      case 1: KeyNO = 0; break;
  23   2      case 2: KeyNO = 1; break;
  24   2      case 4: KeyNO = 2; break;
  25   2      case 8: KeyNO = 3; break;
  26   2      default: KeyNO = 16;
  27   2      }
  28   1      P1 = 0xf0;
  29   1      delay(1);
  30   1      Tmp = P1 >> 4 ^ 0x0f;//高4位输入，低4位输出
  31   1      switch(Tmp)
  32   1      {
  33   2      case 1: KeyNO += 0; break;
  34   2      case 2: KeyNO += 4; break;
  35   2      case 4: KeyNO += 8; break;
  36   2      case 8: KeyNO += 12;
  37   2      }
  38   1      }
  39          void Beep()
  40          {
  41   1      uint8 i;
  42   1      for(i=0;i<100;i++)
  43   1      {
  44   2      delay(1);BUZZER();
  45   2      }
  46   1      }
  47          void main()
  48          {
  49   1      P0 = 0x00;
  50   1      while(1)
  51   1      {
  52   2      P1 = 0xf0;
  53   2      if(P1 != 0xf0)
  54   2      Keys_Scan();
  55   2      if(Pre_KeyNO != KeyNO)
C51 COMPILER V9.52.0.0   KEY                                                               07/20/2019 19:07:31 PAGE 2   

  56   2      {
  57   3      P0 = LED_CODE[KeyNO];
  58   3      Beep();
  59   3      Pre_KeyNO = KeyNO;
  60   3      }
  61   2      delay(10);
  62   2      }
  63   1      }


MODULE INFORMATION:   STATIC OVERLAYABLE
   CODE SIZE        =    183    ----
   CONSTANT SIZE    =     16    ----
   XDATA SIZE       =   ----    ----
   PDATA SIZE       =   ----    ----
   DATA SIZE        =      2    ----
   IDATA SIZE       =   ----    ----
   BIT SIZE         =   ----    ----
END OF MODULE INFORMATION.


C51 COMPILATION COMPLETE.  0 WARNING(S),  0 ERROR(S)
