BL51 BANKED LINKER/LOCATER V6.22                                                        10/16/2019  20:14:21  PAGE 1


BL51 BANKED LINKER/LOCATER V6.22, INVOKED BY:
D:\KEIL\C51\BIN\BL51.EXE STARTUP.obj, test.obj TO test


MEMORY MODEL: SMALL


INPUT MODULES INCLUDED:
  STARTUP.obj (?C_STARTUP)
  test.obj (TEST)
  D:\KEIL\C51\LIB\C51S.LIB (?C?CLDPTR)


LINK MAP OF MODULE:  test (?C_STARTUP)


            TYPE    BASE      LENGTH    RELOCATION   SEGMENT NAME
            -----------------------------------------------------

            * * * * * * *   D A T A   M E M O R Y   * * * * * * *
            REG     0000H     0008H     ABSOLUTE     "REG BANK 0"
            DATA    0008H     0006H     UNIT         ?DT?TEST
            DATA    000EH     0005H     UNIT         ?DT?_LCDDISPLAY12?TEST
            DATA    0013H     0005H     UNIT         _DATA_GROUP_
            IDATA   0018H     0001H     UNIT         ?STACK

            * * * * * * *   C O D E   M E M O R Y   * * * * * * *
            CODE    0000H     0003H     ABSOLUTE     
            CODE    0003H     0C00H     UNIT         ?CO?TEST
            CODE    0C03H     0068H     UNIT         ?PR?_LCDDISPLAY?TEST
            CODE    0C6BH     005CH     UNIT         ?PR?_LCDDISPLAY12?TEST
            CODE    0CC7H     002DH     UNIT         ?PR?_WRITEDATA?TEST
            CODE    0CF4H     001AH     UNIT         ?PR?_WRITECODE?TEST
            CODE    0D0EH     0019H     UNIT         ?C?LIB_CODE
            CODE    0D27H     0014H     UNIT         ?PR?LCDINTI?TEST
            CODE    0D3BH     0012H     UNIT         ?PR?MAIN?TEST
            CODE    0D4DH     000CH     UNIT         ?C_C51STARTUP
            CODE    0D59H     000AH     UNIT         ?PR?CHECKBUSY?TEST



OVERLAY MAP OF MODULE:   test (?C_STARTUP)


SEGMENT                          DATA_GROUP 
  +--> CALLED SEGMENT          START    LENGTH
----------------------------------------------
?C_C51STARTUP                  -----    -----
  +--> ?PR?MAIN?TEST

?PR?MAIN?TEST                  -----    -----
  +--> ?PR?LCDINTI?TEST
  +--> ?CO?TEST
  +--> ?PR?_LCDDISPLAY?TEST

?PR?LCDINTI?TEST               -----    -----
  +--> ?PR?_WRITECODE?TEST

BL51 BANKED LINKER/LOCATER V6.22                                                      10/16/2019  20:14:21  PAGE 2


?PR?_WRITECODE?TEST            -----    -----
  +--> ?PR?CHECKBUSY?TEST

?PR?_LCDDISPLAY?TEST           0013H    0005H
  +--> ?PR?_WRITECODE?TEST
  +--> ?PR?_WRITEDATA?TEST

?PR?_WRITEDATA?TEST            -----    -----
  +--> ?PR?CHECKBUSY?TEST



SYMBOL TABLE OF MODULE:  test (?C_STARTUP)

  VALUE           TYPE          NAME
  ----------------------------------

  -------         MODULE        ?C_STARTUP
  C:0D4DH         SEGMENT       ?C_C51STARTUP
  I:0018H         SEGMENT       ?STACK
  C:0000H         PUBLIC        ?C_STARTUP
  D:00E0H         SYMBOL        ACC
  D:00F0H         SYMBOL        B
  D:0083H         SYMBOL        DPH
  D:0082H         SYMBOL        DPL
  N:0000H         SYMBOL        IBPSTACK
  N:0100H         SYMBOL        IBPSTACKTOP
  N:0080H         SYMBOL        IDATALEN
  C:0D50H         SYMBOL        IDATALOOP
  N:0000H         SYMBOL        PBPSTACK
  N:0100H         SYMBOL        PBPSTACKTOP
  N:0000H         SYMBOL        PDATALEN
  N:0000H         SYMBOL        PDATASTART
  N:0000H         SYMBOL        PPAGE
  N:0000H         SYMBOL        PPAGEENABLE
  D:00A0H         SYMBOL        PPAGE_SFR
  D:0081H         SYMBOL        SP
  C:0D4DH         SYMBOL        STARTUP1
  N:0000H         SYMBOL        XBPSTACK
  N:0000H         SYMBOL        XBPSTACKTOP
  N:0000H         SYMBOL        XDATALEN
  N:0000H         SYMBOL        XDATASTART
  C:0000H         LINE#         126
  C:0D4DH         LINE#         133
  C:0D4FH         LINE#         134
  C:0D50H         LINE#         135
  C:0D51H         LINE#         136
  C:0D53H         LINE#         185
  C:0D56H         LINE#         196
  -------         ENDMOD        ?C_STARTUP

  -------         MODULE        TEST
  C:0000H         SYMBOL        _ICE_DUMMY_
  D:0080H         PUBLIC        P0
  D:0090H         PUBLIC        P1
  D:00A0H         PUBLIC        P2
  D:00B0H         PUBLIC        P3
BL51 BANKED LINKER/LOCATER V6.22                                                      10/16/2019  20:14:21  PAGE 3


  D:00A8H         PUBLIC        IE
  C:0C6BH         PUBLIC        _LCDDisplay12
  B:00A0H.0       PUBLIC        EN
  C:0003H         PUBLIC        zi0
  C:0203H         PUBLIC        zi1
  D:00B8H         PUBLIC        IP
  B:00A0H.2       PUBLIC        RS
  C:0D3BH         PUBLIC        main
  B:00A0H.1       PUBLIC        RW
  C:0C03H         PUBLIC        _LCDDisplay
  D:0098H         PUBLIC        SCON
  D:0088H         PUBLIC        TCON
  B:0080H.0       PUBLIC        BUSY
  C:0D59H         PUBLIC        checkbusy
  B:00A0H.3       PUBLIC        CS1
  B:00A0H.4       PUBLIC        CS2
  C:0CE4H         PUBLIC        _writedata
  C:0403H         PUBLIC        ch
  C:0CFEH         PUBLIC        _writecode
  D:0008H         PUBLIC        a
  D:0009H         PUBLIC        b
  D:00C8H         PUBLIC        T2CON
  D:000BH         PUBLIC        i
  D:000CH         PUBLIC        j
  D:000DH         PUBLIC        k
  C:0D27H         PUBLIC        lcdinti
  D:00D0H         PUBLIC        PSW
  C:0803H         PUBLIC        ch1
  -------         PROC          CHECKBUSY
  C:0D59H         LINE#         273
  C:0D59H         LINE#         274
  C:0D5BH         LINE#         275
  C:0D5DH         LINE#         276
  C:0D5FH         LINE#         277
  C:0D62H         LINE#         278
  C:0D62H         LINE#         279
  -------         ENDPROC       CHECKBUSY
  -------         PROC          L?0033
  -------         ENDPROC       L?0033
  -------         PROC          _WRITECODE
  D:0007H         SYMBOL        dat
  C:0CFEH         LINE#         280
  C:0CFEH         LINE#         281
  C:0D01H         LINE#         282
  C:0D03H         LINE#         283
  C:0D05H         LINE#         284
  C:0D07H         LINE#         285
  C:0D09H         LINE#         286
  C:0D0BH         LINE#         287
  C:0D0DH         LINE#         288
  -------         ENDPROC       _WRITECODE
  C:0CD4H         SYMBOL        L?0032
  -------         PROC          L?0031
  -------         ENDPROC       L?0031
  C:0CD4H         SYMBOL        L?0032
  -------         PROC          _WRITEDATA
  D:0007H         SYMBOL        dat
BL51 BANKED LINKER/LOCATER V6.22                                                      10/16/2019  20:14:21  PAGE 4


  C:0CE4H         LINE#         289
  C:0CE4H         LINE#         290
  C:0CE7H         LINE#         291
  C:0CE9H         LINE#         292
  C:0CEBH         LINE#         293
  C:0CEDH         LINE#         294
  C:0CEFH         LINE#         295
  C:0CF1H         LINE#         296
  C:0CF3H         LINE#         297
  -------         ENDPROC       _WRITEDATA
  -------         PROC          _LCDDISPLAY
  D:0013H         SYMBOL        page
  D:0014H         SYMBOL        lineaddress
  D:0015H         SYMBOL        table
  C:0C03H         LINE#         299
  C:0C0DH         LINE#         300
  C:0C0DH         LINE#         301
  C:0C10H         LINE#         302
  C:0C10H         LINE#         303
  C:0C17H         LINE#         304
  C:0C17H         LINE#         305
  C:0C19H         LINE#         306
  C:0C1BH         LINE#         307
  C:0C1BH         LINE#         308
  C:0C1BH         LINE#         309
  C:0C1EH         LINE#         310
  C:0C21H         LINE#         311
  C:0C21H         LINE#         312
  C:0C24H         LINE#         313
  C:0C26H         LINE#         314
  C:0C2FH         LINE#         315
  C:0C36H         LINE#         316
  C:0C36H         LINE#         317
  C:0C38H         LINE#         318
  C:0C3AH         LINE#         319
  C:0C40H         LINE#         320
  C:0C40H         LINE#         321
  C:0C40H         LINE#         322
  C:0C43H         LINE#         323
  C:0C46H         LINE#         324
  C:0C46H         LINE#         325
  C:0C49H         LINE#         326
  C:0C4BH         LINE#         327
  C:0C54H         LINE#         328
  C:0C5BH         LINE#         329
  C:0C5BH         LINE#         330
  C:0C61H         LINE#         331
  C:0C61H         LINE#         332
  C:0C6AH         LINE#         333
  -------         ENDPROC       _LCDDISPLAY
  -------         PROC          _LCDDISPLAY12
  D:000EH         SYMBOL        page
  D:000FH         SYMBOL        lineaddress
  D:0010H         SYMBOL        table
  C:0C6BH         LINE#         335
  C:0C75H         LINE#         336
  C:0C75H         LINE#         337
BL51 BANKED LINKER/LOCATER V6.22                                                      10/16/2019  20:14:21  PAGE 5


  C:0C7CH         LINE#         338
  C:0C7CH         LINE#         339
  C:0C7EH         LINE#         340
  C:0C80H         LINE#         341
  C:0C80H         LINE#         342
  C:0C87H         LINE#         343
  C:0C87H         LINE#         344
  C:0C89H         LINE#         345
  C:0C8BH         LINE#         346
  C:0C91H         LINE#         347
  C:0C91H         LINE#         348
  C:0C94H         LINE#         349
  C:0C9CH         LINE#         350
  C:0CA1H         LINE#         351
  C:0CA4H         LINE#         352
  C:0CA4H         LINE#         353
  C:0CB4H         LINE#         354
  C:0CBDH         LINE#         355
  C:0CC6H         LINE#         356
  -------         ENDPROC       _LCDDISPLAY12
  -------         PROC          LCDINTI
  C:0D27H         LINE#         357
  C:0D27H         LINE#         358
  C:0D2CH         LINE#         359
  C:0D31H         LINE#         360
  C:0D36H         LINE#         361
  -------         ENDPROC       LCDINTI
  -------         PROC          MAIN
  C:0D3BH         LINE#         363
  C:0D3BH         LINE#         364
  C:0D3EH         LINE#         366
  C:0D4BH         LINE#         367
  -------         ENDPROC       MAIN
  -------         ENDMOD        TEST

  -------         MODULE        ?C?CLDPTR
  C:0D0EH         PUBLIC        ?C?CLDPTR
  -------         ENDMOD        ?C?CLDPTR

*** WARNING L16: UNCALLED SEGMENT, IGNORED FOR OVERLAY PROCESS
    SEGMENT: ?PR?_LCDDISPLAY12?TEST

Program Size: data=25.0 xdata=0 code=3427
LINK/LOCATE RUN COMPLETE.  1 WARNING(S),  0 ERROR(S)
